racli.log                                       racli_check_init_params_20241205.1453.log       racli_check_ra_compliance_20241205.1501.log  racli_check_session_count_20241205.1510.log
racli_check_active_incidents_20241205.1514.log  racli_check_init_params_20241205.1457.log       racli_check_ra_compliance_20241205.1502.log  racli_check_session_count_20241205.1512.log
racli_check_cell_alerts_20241205.1444.log       racli_check_init_params_20241205.1458.log       racli_check_ra_compliance_20241205.1509.log  racli_check_session_count_20241205.1514.log
racli_check_cell_alerts_20241205.1453.log       racli_check_init_params_20241205.1500.log       racli_check_ra_compliance_20241205.1510.log  racli_check_tls_health_20241205.1445.log
racli_check_cell_alerts_20241205.1457.log       racli_check_init_params_20241205.1501.log       racli_check_ra_compliance_20241205.1512.log  racli_check_tls_health_20241205.1454.log
racli_check_cell_alerts_20241205.1459.log       racli_check_init_params_20241205.1508.log       racli_check_ra_compliance_20241205.1514.log  racli_check_tls_health_20241205.1457.log
racli_check_cell_alerts_20241205.1501.log       racli_check_init_params_20241205.1509.log       racli_check_ra_export_20241205.1444.log      racli_check_tls_health_20241205.1459.log
racli_check_cell_alerts_20241205.1502.log       racli_check_init_params_20241205.1512.log       racli_check_ra_export_20241205.1453.log      racli_check_tls_health_20241205.1501.log
racli_check_cell_alerts_20241205.1508.log       racli_check_init_params_20241205.1514.log       racli_check_ra_export_20241205.1457.log      racli_check_tls_health_20241205.1502.log
racli_check_cell_alerts_20241205.1510.log       racli_check_invalid_objects_20241205.1444.log   racli_check_ra_export_20241205.1459.log      racli_check_tls_health_20241205.1509.log
racli_check_cell_alerts_20241205.1512.log       racli_check_invalid_objects_20241205.1453.log   racli_check_ra_export_20241205.1501.log      racli_check_tls_health_20241205.1510.log
racli_check_cell_alerts_20241205.1514.log       racli_check_invalid_objects_20241205.1457.log   racli_check_ra_export_20241205.1502.log      racli_check_tls_health_20241205.1512.log
racli_check_compute_alerts_20241205.1444.log    racli_check_invalid_objects_20241205.1459.log   racli_check_ra_export_20241205.1508.log      racli_check_tls_health_20241205.1514.log
racli_check_compute_alerts_20241205.1453.log    racli_check_invalid_objects_20241205.1501.log   racli_check_ra_export_20241205.1510.log      racli_hannvzdlrasvr01.history
racli_check_compute_alerts_20241205.1457.log    racli_check_invalid_objects_20241205.1502.log   racli_check_ra_export_20241205.1512.log      racli_run_check_20240708.0921.log
racli_check_compute_alerts_20241205.1459.log    racli_check_invalid_objects_20241205.1508.log   racli_check_ra_export_20241205.1514.log      racli_run_check_20240708.1430.log
racli_check_compute_alerts_20241205.1501.log    racli_check_invalid_objects_20241205.1510.log   racli_check_ra_versions_20241205.1445.log    racli_run_check_20241204.1752.log
racli_check_compute_alerts_20241205.1502.log    racli_check_invalid_objects_20241205.1512.log   racli_check_ra_versions_20241205.1454.log    racli_run_check_20241205.1444.log
racli_check_compute_alerts_20241205.1508.log    racli_check_invalid_objects_20241205.1514.log   racli_check_ra_versions_20241205.1457.log    racli_run_check_20241205.1453.log
racli_check_compute_alerts_20241205.1510.log    racli_check_oracle_password_20241205.1445.log   racli_check_ra_versions_20241205.1459.log    racli_run_check_20241205.1456.log
racli_check_compute_alerts_20241205.1512.log    racli_check_oracle_password_20241205.1454.log   racli_check_ra_versions_20241205.1501.log    racli_run_check_20241205.1458.log
racli_check_compute_alerts_20241205.1514.log    racli_check_oracle_password_20241205.1457.log   racli_check_ra_versions_20241205.1502.log    racli_run_check_20241205.1500.log
racli_check_filesystem_space_20240708.0922.log  racli_check_oracle_password_20241205.1459.log   racli_check_ra_versions_20241205.1509.log    racli_run_check_20241205.1501.log
racli_check_filesystem_space_20240708.1431.log  racli_check_oracle_password_20241205.1501.log   racli_check_ra_versions_20241205.1510.log    racli_run_check_20241205.1508.log
racli_check_filesystem_space_20241204.1753.log  racli_check_oracle_password_20241205.1502.log   racli_check_ra_versions_20241205.1512.log    racli_run_check_20241205.1509.log
racli_check_filesystem_space_20241205.1445.log  racli_check_oracle_password_20241205.1509.log   racli_check_ra_versions_20241205.1514.log    racli_run_check_20241205.1511.log
racli_check_filesystem_space_20241205.1454.log  racli_check_oracle_password_20241205.1510.log   racli_check_rasys_wallets_20241205.1444.log  racli_run_check_20241205.1513.log
racli_check_filesystem_space_20241205.1457.log  racli_check_oracle_password_20241205.1512.log   racli_check_rasys_wallets_20241205.1453.log  racli_start_appliance.log
racli_check_filesystem_space_20241205.1459.log  racli_check_oracle_password_20241205.1514.log   racli_check_rasys_wallets_20241205.1457.log  racli_stop_appliance.log
racli_check_filesystem_space_20241205.1501.log  racli_check_ra_catalog_20241205.1444.log        racli_check_rasys_wallets_20241205.1459.log  racli_update_ssh_known_hosts.log
racli_check_filesystem_space_20241205.1502.log  racli_check_ra_catalog_20241205.1453.log        racli_check_rasys_wallets_20241205.1501.log  set_env.log
racli_check_filesystem_space_20241205.1509.log  racli_check_ra_catalog_20241205.1456.log        racli_check_rasys_wallets_20241205.1502.log  set_raadmin_acl.log
racli_check_filesystem_space_20241205.1510.log  racli_check_ra_catalog_20241205.1458.log        racli_check_rasys_wallets_20241205.1508.log  update_dbfs_script.log
racli_check_filesystem_space_20241205.1512.log  racli_check_ra_catalog_20241205.1500.log        racli_check_rasys_wallets_20241205.1510.log
[root@hannvzdlrasvr01 log]#
[root@hannvzdlrasvr01 log]#
[root@hannvzdlrasvr01 log]#
[root@hannvzdlrasvr01 log]# cd /u01/
[root@hannvzdlrasvr01 u01]# ls
app  crashfiles  deploy-ra  okv  patch
[root@hannvzdlrasvr01 u01]# ps -ef | grep pmon
oracle    43333      1  0 Aug03 ?        00:06:39 asm_pmon_+ASM1
oracle    46608      1  0 Aug03 ?        00:08:17 apx_pmon_+APX1
oracle   251903      1  0 Aug03 ?        00:21:35 ora_pmon_zdlradb1
root     323814 154995  0 15:34 pts/2    00:00:00 grep --color=auto pmon
[root@hannvzdlrasvr01 u01]#
[root@hannvzdlrasvr01 u01]#
[root@hannvzdlrasvr01 u01]#
[root@hannvzdlrasvr01 u01]# cd patch/
[root@hannvzdlrasvr01 patch]# ls
dbserver_patch_241016              p36694853_210000_Linux-x86-64.zip  p37177002_241000_Linux-x86-64.zip  patch_24.1.6.0.0.241115
p21634633_241500_Linux-x86-64.zip  p37177000_241000_Linux-x86-64.zip  p37244179_241000_Linux-x86-64.zip  patch_switch_24.1.6.0.0.241115
[root@hannvzdlrasvr01 patch]# ls
dbserver_patch_241016              p36694853_210000_Linux-x86-64.zip  p37177002_241000_Linux-x86-64.zip  patch_24.1.6.0.0.241115
p21634633_241500_Linux-x86-64.zip  p37177000_241000_Linux-x86-64.zip  p37244179_241000_Linux-x86-64.zip  patch_switch_24.1.6.0.0.241115
[root@hannvzdlrasvr01 patch]#
[root@hannvzdlrasvr01 patch]#
[root@hannvzdlrasvr01 patch]# clear
[root@hannvzdlrasvr01 patch]#
[root@hannvzdlrasvr01 patch]# ls -lrt
total 15913644
-rw-r--r-- 1 root root 1845893561 Nov 20 09:46 p37244179_241000_Linux-x86-64.zip
-rw-r--r-- 1 root root 4079659254 Nov 20 11:03 p37177002_241000_Linux-x86-64.zip
drwxr-xr-x 4 root root       4096 Dec  3 16:22 patch_24.1.6.0.0.241115
drwxrwxr-x 7 root root       4096 Dec  3 16:33 patch_switch_24.1.6.0.0.241115
-rw-r--r-- 1 root root  342242590 Dec  4 14:19 p21634633_241500_Linux-x86-64.zip
-rw-r--r-- 1 root root 3068246689 Dec  4 14:21 p37177000_241000_Linux-x86-64.zip
drwxr-xr-x 3 root root       4096 Dec  4 14:34 dbserver_patch_241016
-rw-r--r-- 1 root root 6959505830 Dec  4 17:51 p36694853_210000_Linux-x86-64.zip
[root@hannvzdlrasvr01 patch]# ls -lrt /radump/
total 897080
drwx------ 2 root   root         16384 May 25  2024 lost+found
-rw-r--r-- 1 oracle oinstall 145328823 May 25  2024 prepatch_backout_archive_109883.tar.gz
-rw-r--r-- 1 oracle dba           2913 May 25  2024 backup_init20240525154304.ora
-rw-r--r-- 1 oracle dba        1643010 Jul 18 12:00 radump_time_240718_1200__ospid_382732_RADUMP.txt
-rw-r--r-- 1 oracle dba        1697947 Jul 22 17:32 radump_time_240722_1732__ospid_320436_RADUMP.txt
-rw-r--r-- 1 oracle dba        1846927 Jul 24 21:25 radump_time_240724_2125__ospid_238362_RADUMP.txt
-rw-r--r-- 1 oracle dba        1708821 Jul 30 17:14 radump_time_240730_1714__ospid_360122_RADUMP.txt
-rw-r--r-- 1 oracle dba        1711848 Jul 31 18:07 radump_time_240731_1807__ospid_189604_RADUMP.txt
-rw-r--r-- 1 oracle dba        1711620 Aug  1 19:51 radump_time_240801_1951__ospid_137819_RADUMP.txt
-rw-r--r-- 1 oracle dba        2309048 Aug  4 11:48 radump_time_240804_1148__ospid_338638_RADUMP.txt
-rw-r--r-- 1 oracle dba        1961717 Aug  8 12:02 radump_time_240808_1202__ospid_151314_RADUMP.txt
-rw-r--r-- 1 oracle dba        1971949 Aug 22 16:00 radump_time_240822_1600__ospid_170832_RADUMP.txt
-rw-r--r-- 1 oracle dba        3522285 Aug 26 22:44 radump_time_240826_2244__ospid_381911_RADUMP.txt
-rw-r--r-- 1 oracle dba        4259656 Aug 27 22:47 radump_time_240827_2247__ospid_356985_RADUMP.txt
-rw-r--r-- 1 oracle dba        4298690 Aug 31 06:22 radump_time_240831_0622__ospid_10430_RADUMP.txt
-rw-r--r-- 1 oracle dba        5045847 Sep  1 06:22 radump_time_240901_0622__ospid_240231_RADUMP.txt
-rw-r--r-- 1 oracle dba        7958232 Sep  9 06:18 radump_time_240909_0618__ospid_40939_RADUMP.txt
-rw-r--r-- 1 oracle dba        8583186 Sep 10 06:19 radump_time_240910_0619__ospid_357506_RADUMP.txt
-rw-r--r-- 1 oracle dba        9275969 Sep 12 06:35 radump_time_240912_0635__ospid_335636_RADUMP.txt
-rw-r--r-- 1 oracle dba        9881129 Sep 14 06:36 radump_time_240914_0636__ospid_269905_RADUMP.txt
-rw-r--r-- 1 oracle dba       12189443 Sep 18 06:54 radump_time_240918_0654__ospid_181500_RADUMP.txt
-rw-r--r-- 1 oracle dba       14051725 Sep 21 06:57 radump_time_240921_0657__ospid_34842_RADUMP.txt
-rw-r--r-- 1 oracle dba       14776645 Sep 23 07:07 radump_time_240923_0707__ospid_185449_RADUMP.txt
-rw-r--r-- 1 oracle dba       14237419 Sep 24 07:07 radump_time_240924_0707__ospid_263109_RADUMP.txt
-rw-r--r-- 1 oracle dba       14742628 Sep 27 06:15 radump_time_240927_0614__ospid_244634_RADUMP.txt
-rw-r--r-- 1 oracle dba       14766407 Sep 28 06:15 radump_time_240928_0615__ospid_202811_RADUMP.txt
-rw-r--r-- 1 oracle dba       16559270 Oct  2 06:41 radump_time_241002_0641__ospid_302306_RADUMP.txt
-rw-r--r-- 1 oracle dba       15953325 Oct  3 07:08 radump_time_241003_0708__ospid_359809_RADUMP.txt
-rw-r--r-- 1 oracle dba       18733781 Oct  9 06:34 radump_time_241009_0634__ospid_389506_RADUMP.txt
-rw-r--r-- 1 oracle dba       18766381 Oct 11 06:50 radump_time_241011_0650__ospid_25608_RADUMP.txt
-rw-r--r-- 1 oracle dba       20118919 Oct 17 06:14 radump_time_241017_0613__ospid_150571_RADUMP.txt
-rw-r--r-- 1 oracle dba       20837317 Oct 18 06:27 radump_time_241018_0627__ospid_316472_RADUMP.txt
-rw-r--r-- 1 oracle dba       20937344 Oct 19 06:27 radump_time_241019_0627__ospid_27463_RADUMP.txt
-rw-r--r-- 1 oracle dba       21423212 Oct 20 06:29 radump_time_241020_0629__ospid_132505_RADUMP.txt
-rw-r--r-- 1 oracle dba       21855174 Oct 22 06:30 radump_time_241022_0630__ospid_324839_RADUMP.txt
-rw-r--r-- 1 oracle dba       21809129 Oct 23 06:32 radump_time_241023_0632__ospid_397909_RADUMP.txt
-rw-r--r-- 1 oracle dba       22901860 Oct 25 06:42 radump_time_241025_0642__ospid_191906_RADUMP.txt
-rw-r--r-- 1 oracle dba       23184651 Oct 26 06:51 radump_time_241026_0651__ospid_227323_RADUMP.txt
-rw-r--r-- 1 oracle dba       26996322 Nov  3 22:29 radump_time_241103_2229__ospid_132307_RADUMP.txt
-rw-r--r-- 1 oracle dba       27174812 Nov  4 22:30 radump_time_241104_2230__ospid_206629_RADUMP.txt
-rw-r--r-- 1 oracle dba       27975408 Nov  8 22:38 radump_time_241108_2238__ospid_144188_RADUMP.txt
-rw-r--r-- 1 oracle dba       28174224 Nov 10 22:52 radump_time_241110_2252__ospid_328508_RADUMP.txt
-rw-r--r-- 1 oracle dba       28831754 Nov 11 22:53 radump_time_241111_2253__ospid_3646_RADUMP.txt
-rw-r--r-- 1 oracle dba       31297997 Nov 18 22:45 radump_time_241118_2245__ospid_145537_RADUMP.txt
-rw-r--r-- 1 oracle dba       32946149 Nov 21 22:47 radump_time_241121_2247__ospid_296695_RADUMP.txt
-rw-r--r-- 1 oracle dba       32988609 Nov 22 22:52 radump_time_241122_2252__ospid_14328_RADUMP.txt
-rw-r--r-- 1 oracle dba       33146992 Nov 23 22:53 radump_time_241123_2253__ospid_175387_RADUMP.txt
-rw-r--r-- 1 oracle dba       34004302 Nov 25 22:59 radump_time_241125_2259__ospid_339528_RADUMP.txt
-rw-r--r-- 1 oracle dba       35164084 Dec  1 23:10 radump_time_241201_2310__ospid_96277_RADUMP.txt
-rw-r--r-- 1 oracle dba       36102769 Dec  4 22:25 radump_time_241204_2225__ospid_46662_RADUMP.txt
[root@hannvzdlrasvr01 patch]# pwd
/u01/patch
[root@hannvzdlrasvr01 patch]# pwd
/u01/patch
[root@hannvzdlrasvr01 patch]# mkdir /radump/patch21
[root@hannvzdlrasvr01 patch]# unzip p36694853_210000_Linux-x86-64.zip -d /radump/patch21/
Archive:  p36694853_210000_Linux-x86-64.zip
  inflating: /radump/patch21/set_env.sh
  inflating: /radump/patch21/relink_perl.pl
 extracting: /radump/patch21/p6880880_180000_Linux-x86-64.zip
  inflating: /radump/patch21/dbmsrsadmpreq.sql
  inflating: /radump/patch21/dbmsrsadm.sql
  inflating: /radump/patch21/dbmsrscomp.sql
  inflating: /radump/patch21/dbmsrsmgmt.sql
  inflating: /radump/patch21/dbmsrssec.sql
  inflating: /radump/patch21/dbmsrsutl.sql
  inflating: /radump/patch21/dbmsrsvpc.sql
  inflating: /radump/patch21/prvtrsadm.sql
  inflating: /radump/patch21/create_raoratab.pl
  inflating: /radump/patch21/create_raoratab.sh
  inflating: /radump/patch21/get_versions.pl
  inflating: /radump/patch21/get_versions.sh
  inflating: /radump/patch21/check_filesystem_space.pl
  inflating: /radump/patch21/check_filesystem_space.sh
  inflating: /radump/patch21/is_virtual.pl
  inflating: /radump/patch21/is_virtual.sh
  inflating: /radump/patch21/ra_init_param_check.pl
  inflating: /radump/patch21/ra_init_param_check.sh
  inflating: /radump/patch21/ra_catalog_check.pl
  inflating: /radump/patch21/ra_catalog_check.sh
  inflating: /radump/patch21/ra_precheck.pl
  inflating: /radump/patch21/ra_precheck.sh
  inflating: /radump/patch21/update_fstab.sh
  inflating: /radump/patch21/export_netadmin_files.sh
  inflating: /radump/patch21/ra_preinstall.pl
  inflating: /radump/patch21/ra_automation-21.1.202405-RELEASE.x86_64.rpm
  inflating: /radump/patch21/run_set_env.sh
  inflating: /radump/patch21/get_network_details.pl
  inflating: /radump/patch21/get_network_details.sh
 extracting: /radump/patch21/AHF-LINUX_v24.4.0.zip
  inflating: /radump/patch21/get_system_type.pl
  inflating: /radump/patch21/get_system_type.sh
 extracting: /radump/patch21/p33182768_190000_Linux-x86-64.zip
 extracting: /radump/patch21/p33449828_190000_Linux-x86-64.zip
 extracting: /radump/patch21/p33178223_1913000DBRU_Linux-x86-64.zip
 extracting: /radump/patch21/p33304830_1913000DBRU_Linux-x86-64.zip
 extracting: /radump/patch21/p29726449_1913000DBRU_Linux-x86-64.zip
 extracting: /radump/patch21/p34422617_190000_Linux-x86-64.zip
 extracting: /radump/patch21/p34527093_190000_Linux-x86-64.zip
 extracting: /radump/patch21/p31094569_190000_Linux-x86-64.zip
 extracting: /radump/patch21/p36195566_190000_Linux-x86-64.zip
 extracting: /radump/patch21/p33902288_190000_Linux-x86-64.zip
 extracting: /radump/patch21/p34855541_190000_Linux-x86-64.zip
 extracting: /radump/patch21/p34414328_190000_Linux-x86-64.zip
 extracting: /radump/patch21/p34975490_1913000DBRU_Linux-x86-64.zip
 extracting: /radump/patch21/p34993018_1913000DBRU_Linux-x86-64.zip
 extracting: /radump/patch21/p29997937_190000_Linux-x86-64.zip
 extracting: /radump/patch21/p33837975_190000_Linux-x86-64.zip
 extracting: /radump/patch21/p35099667_190000_Linux-x86-64.zip
 extracting: /radump/patch21/p35094814_190000_Linux-x86-64.zip
 extracting: /radump/patch21/p35220732_190000_Linux-x86-64.zip
 extracting: /radump/patch21/p35356396_190000_Linux-x86-64.zip
 extracting: /radump/patch21/p35490977_190000_Linux-x86-64.zip
 extracting: /radump/patch21/p35766532_190000_Linux-x86-64.zip
 extracting: /radump/patch21/p35122796_190000_Linux-x86-64.zip
 extracting: /radump/patch21/p34709943_190000_Linux-x86-64.zip
 extracting: /radump/patch21/p35994738_190000_Linux-x86-64.zip
 extracting: /radump/patch21/p35784008_190000_Linux-x86-64.zip
 extracting: /radump/patch21/p32269499_190000_Linux-x86-64.zip
 extracting: /radump/patch21/p33647820_190000_Linux-x86-64.zip
 extracting: /radump/patch21/p34387161_190000_Linux-x86-64.zip
 extracting: /radump/patch21/p34595341_190000_Linux-x86-64.zip
 extracting: /radump/patch21/p33318311_190000_Linux-x86-64.zip
 extracting: /radump/patch21/p36375037_190000_Linux-x86-64.zip
 extracting: /radump/patch21/p36592402_190000_Linux-x86-64.zip
 extracting: /radump/patch21/p36592222_190000_Linux-x86-64.zip
 extracting: /radump/patch21/p36592228_190000_Linux-x86-64.zip
 extracting: /radump/patch21/p33241692_190000_Linux-x86-64.zip
 extracting: /radump/patch21/p35383695_190000_Linux-x86-64.zip
 extracting: /radump/patch21/p36114443_190000_Linux-x86-64.zip
  inflating: /radump/patch21/compliance_criteria.dat
  inflating: /radump/patch21/protect_item.dat
  inflating: /radump/patch21/quorum_rule.dat
  inflating: /radump/patch21/raa_user_profile_resource.dat
  inflating: /radump/patch21/README.txt
[root@hannvzdlrasvr01 patch]#
[root@hannvzdlrasvr01 patch]#
[root@hannvzdlrasvr01 patch]#
[root@hannvzdlrasvr01 patch]#
[root@hannvzdlrasvr01 patch]# per
perf        perfquery   perl        perl5.26.3  perlbug     perldoc     perlivp     perlthanks
[root@hannvzdlrasvr01 patch]# per
perf        perfquery   perl        perl5.26.3  perlbug     perldoc     perlivp     perlthanks
[root@hannvzdlrasvr01 patch]# which perl
/opt/oracle.RecoveryAppliance/bin/perl
[root@hannvzdlrasvr01 patch]# ls -lrt
total 15913644
-rw-r--r-- 1 root root 1845893561 Nov 20 09:46 p37244179_241000_Linux-x86-64.zip
-rw-r--r-- 1 root root 4079659254 Nov 20 11:03 p37177002_241000_Linux-x86-64.zip
drwxr-xr-x 4 root root       4096 Dec  3 16:22 patch_24.1.6.0.0.241115
drwxrwxr-x 7 root root       4096 Dec  3 16:33 patch_switch_24.1.6.0.0.241115
-rw-r--r-- 1 root root  342242590 Dec  4 14:19 p21634633_241500_Linux-x86-64.zip
-rw-r--r-- 1 root root 3068246689 Dec  4 14:21 p37177000_241000_Linux-x86-64.zip
drwxr-xr-x 3 root root       4096 Dec  4 14:34 dbserver_patch_241016
-rw-r--r-- 1 root root 6959505830 Dec  4 17:51 p36694853_210000_Linux-x86-64.zip
[root@hannvzdlrasvr01 patch]# cd /radump/patch21/
[root@hannvzdlrasvr01 patch21]# ls -lrt
total 7027040
-rwxr-xr-x 1 root root       2933 Jun 13 22:03 set_env.sh
-rwxr-xr-x 1 root root        897 Jun 13 22:03 ra_precheck.sh
-rwxr-xr-x 1 root root        254 Jun 13 22:03 get_versions.sh
-rwxr-xr-x 1 root root       1816 Jun 13 22:03 export_netadmin_files.sh
-rwxr-xr-x 1 root root       1407 Jun 13 22:03 update_fstab.sh
-rwxr-xr-x 1 root root       1230 Jun 13 22:03 run_set_env.sh
-rwxr-xr-x 1 root root       4743 Jun 13 22:03 relink_perl.pl
-rwxr-xr-x 1 root root       1435 Jun 13 22:03 raa_user_profile_resource.dat
-rwxr-xr-x 1 root root       3809 Jun 13 22:03 ra_precheck.pl
-rwxr-xr-x 1 root root        877 Jun 13 22:03 ra_init_param_check.sh
-rwxr-xr-x 1 root root      18893 Jun 13 22:03 ra_init_param_check.pl
-rwxr-xr-x 1 root root       1080 Jun 13 22:03 ra_catalog_check.sh
-rwxr-xr-x 1 root root      15523 Jun 13 22:03 ra_catalog_check.pl
-rwxr-xr-x 1 root root        325 Jun 13 22:03 quorum_rule.dat
-rwxr-xr-x 1 root root     228194 Jun 13 22:03 prvtrsadm.sql
-rwxr-xr-x 1 root root        243 Jun 13 22:03 protect_item.dat
-rwxr-xr-x 1 root root        649 Jun 13 22:03 is_virtual.sh
-rwxr-xr-x 1 root root        877 Jun 13 22:03 is_virtual.pl
-rwxr-xr-x 1 root root       3697 Jun 13 22:03 get_versions.pl
-rwxr-xr-x 1 root root        564 Jun 13 22:03 get_system_type.sh
-rwxr-xr-x 1 root root        934 Jun 13 22:03 get_system_type.pl
-rwxr-xr-x 1 root root        261 Jun 13 22:03 get_network_details.sh
-rwxr-xr-x 1 root root       1450 Jun 13 22:03 dbmsrsvpc.sql
-rwxr-xr-x 1 root root       1108 Jun 13 22:03 dbmsrsutl.sql
-rwxr-xr-x 1 root root      12689 Jun 13 22:03 dbmsrssec.sql
-rwxr-xr-x 1 root root       1244 Jun 13 22:03 dbmsrsmgmt.sql
-rwxr-xr-x 1 root root       3672 Jun 13 22:03 dbmsrscomp.sql
-rwxr-xr-x 1 root root      43180 Jun 13 22:03 dbmsrsadmpreq.sql
-rwxr-xr-x 1 root root      58510 Jun 13 22:03 dbmsrsadm.sql
-rwxr-xr-x 1 root root       1093 Jun 13 22:03 create_raoratab.sh
-rwxr-xr-x 1 root root       3251 Jun 13 22:03 create_raoratab.pl
-rwxr-xr-x 1 root root        568 Jun 13 22:03 compliance_criteria.dat
-rwxr-xr-x 1 root root        759 Jun 13 22:03 check_filesystem_space.sh
-rwxr-xr-x 1 root root       4642 Jun 13 22:03 check_filesystem_space.pl
-rwxr-xr-x 1 root root  420233163 Jun 13 22:03 AHF-LINUX_v24.4.0.zip
-rwxr-xr-x 1 root root  127629034 Jun 13 22:03 p6880880_180000_Linux-x86-64.zip
-rwxr-xr-x 1 root root       9401 Jun 13 22:03 get_network_details.pl
-rw-r--r-- 1 root root      69960 Jun 13 22:03 ra_preinstall.pl
-r-xr-x--- 1 root root    4563117 Jun 13 22:04 p33449828_190000_Linux-x86-64.zip
-r-xr-xr-x 1 root root     168648 Jun 13 22:04 p33304830_1913000DBRU_Linux-x86-64.zip
-r-xr-xr-x 1 root root 2604734217 Jun 13 22:04 p33182768_190000_Linux-x86-64.zip
-r-xr-xr-x 1 root root     568274 Jun 13 22:04 p33178223_1913000DBRU_Linux-x86-64.zip
-r-xr-xr-x 1 root root     185669 Jun 13 22:04 p29726449_1913000DBRU_Linux-x86-64.zip
-r-xr-xr-x 1 root root  126848574 Jun 13 22:04 p36195566_190000_Linux-x86-64.zip
-r-xr-x--- 1 root root     842582 Jun 13 22:04 p34993018_1913000DBRU_Linux-x86-64.zip
-r-xr-x--- 1 root root     354140 Jun 13 22:04 p34975490_1913000DBRU_Linux-x86-64.zip
-r-xr-x--- 1 root root     194507 Jun 13 22:04 p34855541_190000_Linux-x86-64.zip
-r-xr-x--- 1 root root     588853 Jun 13 22:04 p34527093_190000_Linux-x86-64.zip
-r-xr-xr-x 1 root root  129923777 Jun 13 22:04 p34422617_190000_Linux-x86-64.zip
-r-xr-x--- 1 root root     320494 Jun 13 22:04 p34414328_190000_Linux-x86-64.zip
-r-xr-x--- 1 root root    5042260 Jun 13 22:04 p33902288_190000_Linux-x86-64.zip
-r-xr-x--- 1 root root     587225 Jun 13 22:04 p31094569_190000_Linux-x86-64.zip
-r-xr-x--- 1 root root     400875 Jun 13 22:04 p29997937_190000_Linux-x86-64.zip
-r-xr-x--- 1 root root     381939 Jun 13 22:04 p35099667_190000_Linux-x86-64.zip
-r-xr-xr-x 1 root root  320667288 Jun 13 22:04 p33837975_190000_Linux-x86-64.zip
-r-xr-x--- 1 root root    5042514 Jun 13 22:04 p35356396_190000_Linux-x86-64.zip
-r-xr-x--- 1 root root     386114 Jun 13 22:04 p35220732_190000_Linux-x86-64.zip
-r-xr-xr-x 1 root root  321735531 Jun 13 22:04 p35094814_190000_Linux-x86-64.zip
-r-xr-x--- 1 root root     190850 Jun 13 22:04 p35766532_190000_Linux-x86-64.zip
-r-xr-xr-x 1 root root  321732182 Jun 13 22:04 p35490977_190000_Linux-x86-64.zip
-r-xr-x--- 1 root root    1526568 Jun 13 22:04 p35122796_190000_Linux-x86-64.zip
-r-xr-x--- 1 root root     604129 Jun 13 22:04 p34709943_190000_Linux-x86-64.zip
-r-xr-x--- 1 root root    5044959 Jun 13 22:04 p36375037_190000_Linux-x86-64.zip
-r-xr-xr-x 1 root root  321730181 Jun 13 22:04 p35994738_190000_Linux-x86-64.zip
-r-xr-x--- 1 root root     851077 Jun 13 22:04 p35784008_190000_Linux-x86-64.zip
-r-xr-x--- 1 root root    2443925 Jun 13 22:04 p34595341_190000_Linux-x86-64.zip
-r-xr-x--- 1 root root      78843 Jun 13 22:04 p34387161_190000_Linux-x86-64.zip
-r-xr-x--- 1 root root     338250 Jun 13 22:04 p33647820_190000_Linux-x86-64.zip
-r-xr-x--- 1 root root    1375069 Jun 13 22:04 p33318311_190000_Linux-x86-64.zip
-r-xr-xr-x 1 root root  321731138 Jun 13 22:04 p36592402_190000_Linux-x86-64.zip
-r-xr-x--- 1 root root     376978 Jun 13 22:04 p36592228_190000_Linux-x86-64.zip
-r-xr-x--- 1 root root    1276581 Jun 13 22:04 p36592222_190000_Linux-x86-64.zip
-r-xr-x--- 1 root root      31333 Jun 13 22:04 p35383695_190000_Linux-x86-64.zip
-r-xr-x--- 1 root root     978321 Jun 13 22:04 p33241692_190000_Linux-x86-64.zip
-r-xr-x--- 1 root root      85938 Jun 13 22:04 p32269499_190000_Linux-x86-64.zip
-r-xr-xr-x 1 root root 1182418121 Jun 13 22:04 p36114443_190000_Linux-x86-64.zip
-rw-r--r-- 1 root root  953492837 Jun 13 22:05 ra_automation-21.1.202405-RELEASE.x86_64.rpm
-rw-r--r-- 1 root root      82910 Jun 13 23:40 README.txt
[root@hannvzdlrasvr01 patch21]# which perl^C
[root@hannvzdlrasvr01 patch21]# ^C
[root@hannvzdlrasvr01 patch21]# /usr/bin/perl ra_preinstall.pl
Start: Running ra_preinstall.pl on hannvzdlrasvr01.
Fuse group already exists. Skipping.
Identity added: /opt/oracle.RecoveryAppliance/.ssh/racli.key (root@hannvzdlrasvr01.dancuquocgia.bca)
Deployed RPM:  ZDLRA_21.1.202401_LINUX.X64_RELEASE
Installed RPM: ZDLRA_21.1.202401_LINUX.X64_RELEASE
RPM versions match.
Note:
    The ra_preinstall.pl manages the ra_automation RPM,
    and provides a --rollback option.
    The RPM is updated during ra preinstall. Rollback is feasible if the old rpm is found.
    You do not need to update RPM separately.

    Refer to the README.txt included in this ZDLRA Patch for more details.

    Do you want to continue (y|n):  ^C
[root@hannvzdlrasvr01 patch21]#
[root@hannvzdlrasvr01 patch21]# ls
AHF-LINUX_v24.4.0.zip      get_network_details.sh                  p33449828_190000_Linux-x86-64.zip       p35220732_190000_Linux-x86-64.zip  quorum_rule.dat
README.txt                 get_system_type.pl                      p33647820_190000_Linux-x86-64.zip       p35356396_190000_Linux-x86-64.zip  ra_automation-21.1.202405-RELEASE.x86_64.rpm
check_filesystem_space.pl  get_system_type.sh                      p33837975_190000_Linux-x86-64.zip       p35383695_190000_Linux-x86-64.zip  ra_catalog_check.pl
check_filesystem_space.sh  get_versions.pl                         p33902288_190000_Linux-x86-64.zip       p35490977_190000_Linux-x86-64.zip  ra_catalog_check.sh
compliance_criteria.dat    get_versions.sh                         p34387161_190000_Linux-x86-64.zip       p35766532_190000_Linux-x86-64.zip  ra_init_param_check.pl
create_raoratab.pl         is_virtual.pl                           p34414328_190000_Linux-x86-64.zip       p35784008_190000_Linux-x86-64.zip  ra_init_param_check.sh
create_raoratab.sh         is_virtual.sh                           p34422617_190000_Linux-x86-64.zip       p35994738_190000_Linux-x86-64.zip  ra_precheck.pl
dbmsrsadm.sql              p29726449_1913000DBRU_Linux-x86-64.zip  p34527093_190000_Linux-x86-64.zip       p36114443_190000_Linux-x86-64.zip  ra_precheck.sh
dbmsrsadmpreq.sql          p29997937_190000_Linux-x86-64.zip       p34595341_190000_Linux-x86-64.zip       p36195566_190000_Linux-x86-64.zip  ra_preinstall.pl
dbmsrscomp.sql             p31094569_190000_Linux-x86-64.zip       p34709943_190000_Linux-x86-64.zip       p36375037_190000_Linux-x86-64.zip  raa_user_profile_resource.dat
dbmsrsmgmt.sql             p32269499_190000_Linux-x86-64.zip       p34855541_190000_Linux-x86-64.zip       p36592222_190000_Linux-x86-64.zip  relink_perl.pl
dbmsrssec.sql              p33178223_1913000DBRU_Linux-x86-64.zip  p34975490_1913000DBRU_Linux-x86-64.zip  p36592228_190000_Linux-x86-64.zip  run_set_env.sh
dbmsrsutl.sql              p33182768_190000_Linux-x86-64.zip       p34993018_1913000DBRU_Linux-x86-64.zip  p36592402_190000_Linux-x86-64.zip  set_env.sh
dbmsrsvpc.sql              p33241692_190000_Linux-x86-64.zip       p35094814_190000_Linux-x86-64.zip       p6880880_180000_Linux-x86-64.zip   update_fstab.sh
export_netadmin_files.sh   p33304830_1913000DBRU_Linux-x86-64.zip  p35099667_190000_Linux-x86-64.zip       protect_item.dat
get_network_details.pl     p33318311_190000_Linux-x86-64.zip       p35122796_190000_Linux-x86-64.zip       prvtrsadm.sql
[root@hannvzdlrasvr01 patch21]# cd ..
[root@hannvzdlrasvr01 radump]# ls -lrt
total 897088
drwx------ 2 root   root         16384 May 25  2024 lost+found
-rw-r--r-- 1 oracle oinstall 145328823 May 25  2024 prepatch_backout_archive_109883.tar.gz
-rw-r--r-- 1 oracle dba           2913 May 25  2024 backup_init20240525154304.ora
-rw-r--r-- 1 oracle dba        1643010 Jul 18 12:00 radump_time_240718_1200__ospid_382732_RADUMP.txt
-rw-r--r-- 1 oracle dba        1697947 Jul 22 17:32 radump_time_240722_1732__ospid_320436_RADUMP.txt
-rw-r--r-- 1 oracle dba        1846927 Jul 24 21:25 radump_time_240724_2125__ospid_238362_RADUMP.txt
-rw-r--r-- 1 oracle dba        1708821 Jul 30 17:14 radump_time_240730_1714__ospid_360122_RADUMP.txt
-rw-r--r-- 1 oracle dba        1711848 Jul 31 18:07 radump_time_240731_1807__ospid_189604_RADUMP.txt
-rw-r--r-- 1 oracle dba        1711620 Aug  1 19:51 radump_time_240801_1951__ospid_137819_RADUMP.txt
-rw-r--r-- 1 oracle dba        2309048 Aug  4 11:48 radump_time_240804_1148__ospid_338638_RADUMP.txt
-rw-r--r-- 1 oracle dba        1961717 Aug  8 12:02 radump_time_240808_1202__ospid_151314_RADUMP.txt
-rw-r--r-- 1 oracle dba        1971949 Aug 22 16:00 radump_time_240822_1600__ospid_170832_RADUMP.txt
-rw-r--r-- 1 oracle dba        3522285 Aug 26 22:44 radump_time_240826_2244__ospid_381911_RADUMP.txt
-rw-r--r-- 1 oracle dba        4259656 Aug 27 22:47 radump_time_240827_2247__ospid_356985_RADUMP.txt
-rw-r--r-- 1 oracle dba        4298690 Aug 31 06:22 radump_time_240831_0622__ospid_10430_RADUMP.txt
-rw-r--r-- 1 oracle dba        5045847 Sep  1 06:22 radump_time_240901_0622__ospid_240231_RADUMP.txt
-rw-r--r-- 1 oracle dba        7958232 Sep  9 06:18 radump_time_240909_0618__ospid_40939_RADUMP.txt
-rw-r--r-- 1 oracle dba        8583186 Sep 10 06:19 radump_time_240910_0619__ospid_357506_RADUMP.txt
-rw-r--r-- 1 oracle dba        9275969 Sep 12 06:35 radump_time_240912_0635__ospid_335636_RADUMP.txt
-rw-r--r-- 1 oracle dba        9881129 Sep 14 06:36 radump_time_240914_0636__ospid_269905_RADUMP.txt
-rw-r--r-- 1 oracle dba       12189443 Sep 18 06:54 radump_time_240918_0654__ospid_181500_RADUMP.txt
-rw-r--r-- 1 oracle dba       14051725 Sep 21 06:57 radump_time_240921_0657__ospid_34842_RADUMP.txt
-rw-r--r-- 1 oracle dba       14776645 Sep 23 07:07 radump_time_240923_0707__ospid_185449_RADUMP.txt
-rw-r--r-- 1 oracle dba       14237419 Sep 24 07:07 radump_time_240924_0707__ospid_263109_RADUMP.txt
-rw-r--r-- 1 oracle dba       14742628 Sep 27 06:15 radump_time_240927_0614__ospid_244634_RADUMP.txt
-rw-r--r-- 1 oracle dba       14766407 Sep 28 06:15 radump_time_240928_0615__ospid_202811_RADUMP.txt
-rw-r--r-- 1 oracle dba       16559270 Oct  2 06:41 radump_time_241002_0641__ospid_302306_RADUMP.txt
-rw-r--r-- 1 oracle dba       15953325 Oct  3 07:08 radump_time_241003_0708__ospid_359809_RADUMP.txt
-rw-r--r-- 1 oracle dba       18733781 Oct  9 06:34 radump_time_241009_0634__ospid_389506_RADUMP.txt
-rw-r--r-- 1 oracle dba       18766381 Oct 11 06:50 radump_time_241011_0650__ospid_25608_RADUMP.txt
-rw-r--r-- 1 oracle dba       20118919 Oct 17 06:14 radump_time_241017_0613__ospid_150571_RADUMP.txt
-rw-r--r-- 1 oracle dba       20837317 Oct 18 06:27 radump_time_241018_0627__ospid_316472_RADUMP.txt
-rw-r--r-- 1 oracle dba       20937344 Oct 19 06:27 radump_time_241019_0627__ospid_27463_RADUMP.txt
-rw-r--r-- 1 oracle dba       21423212 Oct 20 06:29 radump_time_241020_0629__ospid_132505_RADUMP.txt
-rw-r--r-- 1 oracle dba       21855174 Oct 22 06:30 radump_time_241022_0630__ospid_324839_RADUMP.txt
-rw-r--r-- 1 oracle dba       21809129 Oct 23 06:32 radump_time_241023_0632__ospid_397909_RADUMP.txt
-rw-r--r-- 1 oracle dba       22901860 Oct 25 06:42 radump_time_241025_0642__ospid_191906_RADUMP.txt
-rw-r--r-- 1 oracle dba       23184651 Oct 26 06:51 radump_time_241026_0651__ospid_227323_RADUMP.txt
-rw-r--r-- 1 oracle dba       26996322 Nov  3 22:29 radump_time_241103_2229__ospid_132307_RADUMP.txt
-rw-r--r-- 1 oracle dba       27174812 Nov  4 22:30 radump_time_241104_2230__ospid_206629_RADUMP.txt
-rw-r--r-- 1 oracle dba       27975408 Nov  8 22:38 radump_time_241108_2238__ospid_144188_RADUMP.txt
-rw-r--r-- 1 oracle dba       28174224 Nov 10 22:52 radump_time_241110_2252__ospid_328508_RADUMP.txt
-rw-r--r-- 1 oracle dba       28831754 Nov 11 22:53 radump_time_241111_2253__ospid_3646_RADUMP.txt
-rw-r--r-- 1 oracle dba       31297997 Nov 18 22:45 radump_time_241118_2245__ospid_145537_RADUMP.txt
-rw-r--r-- 1 oracle dba       32946149 Nov 21 22:47 radump_time_241121_2247__ospid_296695_RADUMP.txt
-rw-r--r-- 1 oracle dba       32988609 Nov 22 22:52 radump_time_241122_2252__ospid_14328_RADUMP.txt
-rw-r--r-- 1 oracle dba       33146992 Nov 23 22:53 radump_time_241123_2253__ospid_175387_RADUMP.txt
-rw-r--r-- 1 oracle dba       34004302 Nov 25 22:59 radump_time_241125_2259__ospid_339528_RADUMP.txt
-rw-r--r-- 1 oracle dba       35164084 Dec  1 23:10 radump_time_241201_2310__ospid_96277_RADUMP.txt
-rw-r--r-- 1 oracle dba       36102769 Dec  4 22:25 radump_time_241204_2225__ospid_46662_RADUMP.txt
drwxr-xr-x 2 root   root          4096 Dec  5 15:37 patch21
-rw-r--r-- 1 root   root            22 Dec  5 15:39 perl_ra_preinstall.restart
[root@hannvzdlrasvr01 radump]# mv patch21/* .
[root@hannvzdlrasvr01 radump]# ls -lrt
total 7924128
drwx------ 2 root   root          16384 May 25  2024 lost+found
-rw-r--r-- 1 oracle oinstall  145328823 May 25  2024 prepatch_backout_archive_109883.tar.gz
-rw-r--r-- 1 oracle dba            2913 May 25  2024 backup_init20240525154304.ora
-rwxr-xr-x 1 root   root           2933 Jun 13 22:03 set_env.sh
-rwxr-xr-x 1 root   root            897 Jun 13 22:03 ra_precheck.sh
-rwxr-xr-x 1 root   root            254 Jun 13 22:03 get_versions.sh
-rwxr-xr-x 1 root   root           1816 Jun 13 22:03 export_netadmin_files.sh
-rwxr-xr-x 1 root   root           1407 Jun 13 22:03 update_fstab.sh
-rwxr-xr-x 1 root   root           1230 Jun 13 22:03 run_set_env.sh
-rwxr-xr-x 1 root   root           4743 Jun 13 22:03 relink_perl.pl
-rwxr-xr-x 1 root   root           1435 Jun 13 22:03 raa_user_profile_resource.dat
-rwxr-xr-x 1 root   root           3809 Jun 13 22:03 ra_precheck.pl
-rwxr-xr-x 1 root   root            877 Jun 13 22:03 ra_init_param_check.sh
-rwxr-xr-x 1 root   root          18893 Jun 13 22:03 ra_init_param_check.pl
-rwxr-xr-x 1 root   root           1080 Jun 13 22:03 ra_catalog_check.sh
-rwxr-xr-x 1 root   root          15523 Jun 13 22:03 ra_catalog_check.pl
-rwxr-xr-x 1 root   root            325 Jun 13 22:03 quorum_rule.dat
-rwxr-xr-x 1 root   root         228194 Jun 13 22:03 prvtrsadm.sql
-rwxr-xr-x 1 root   root            243 Jun 13 22:03 protect_item.dat
-rwxr-xr-x 1 root   root            649 Jun 13 22:03 is_virtual.sh
-rwxr-xr-x 1 root   root            877 Jun 13 22:03 is_virtual.pl
-rwxr-xr-x 1 root   root           3697 Jun 13 22:03 get_versions.pl
-rwxr-xr-x 1 root   root            564 Jun 13 22:03 get_system_type.sh
-rwxr-xr-x 1 root   root            934 Jun 13 22:03 get_system_type.pl
-rwxr-xr-x 1 root   root            261 Jun 13 22:03 get_network_details.sh
-rwxr-xr-x 1 root   root           1450 Jun 13 22:03 dbmsrsvpc.sql
-rwxr-xr-x 1 root   root           1108 Jun 13 22:03 dbmsrsutl.sql
-rwxr-xr-x 1 root   root          12689 Jun 13 22:03 dbmsrssec.sql
-rwxr-xr-x 1 root   root           1244 Jun 13 22:03 dbmsrsmgmt.sql
-rwxr-xr-x 1 root   root           3672 Jun 13 22:03 dbmsrscomp.sql
-rwxr-xr-x 1 root   root          43180 Jun 13 22:03 dbmsrsadmpreq.sql
-rwxr-xr-x 1 root   root          58510 Jun 13 22:03 dbmsrsadm.sql
-rwxr-xr-x 1 root   root           1093 Jun 13 22:03 create_raoratab.sh
-rwxr-xr-x 1 root   root           3251 Jun 13 22:03 create_raoratab.pl
-rwxr-xr-x 1 root   root            568 Jun 13 22:03 compliance_criteria.dat
-rwxr-xr-x 1 root   root            759 Jun 13 22:03 check_filesystem_space.sh
-rwxr-xr-x 1 root   root           4642 Jun 13 22:03 check_filesystem_space.pl
-rwxr-xr-x 1 root   root      420233163 Jun 13 22:03 AHF-LINUX_v24.4.0.zip
-rwxr-xr-x 1 root   root      127629034 Jun 13 22:03 p6880880_180000_Linux-x86-64.zip
-rwxr-xr-x 1 root   root           9401 Jun 13 22:03 get_network_details.pl
-rw-r--r-- 1 root   root          69960 Jun 13 22:03 ra_preinstall.pl
-r-xr-x--- 1 root   root        4563117 Jun 13 22:04 p33449828_190000_Linux-x86-64.zip
-r-xr-xr-x 1 root   root         168648 Jun 13 22:04 p33304830_1913000DBRU_Linux-x86-64.zip
-r-xr-xr-x 1 root   root     2604734217 Jun 13 22:04 p33182768_190000_Linux-x86-64.zip
-r-xr-xr-x 1 root   root         568274 Jun 13 22:04 p33178223_1913000DBRU_Linux-x86-64.zip
-r-xr-xr-x 1 root   root         185669 Jun 13 22:04 p29726449_1913000DBRU_Linux-x86-64.zip
-r-xr-xr-x 1 root   root      126848574 Jun 13 22:04 p36195566_190000_Linux-x86-64.zip
-r-xr-x--- 1 root   root         842582 Jun 13 22:04 p34993018_1913000DBRU_Linux-x86-64.zip
-r-xr-x--- 1 root   root         354140 Jun 13 22:04 p34975490_1913000DBRU_Linux-x86-64.zip
-r-xr-x--- 1 root   root         194507 Jun 13 22:04 p34855541_190000_Linux-x86-64.zip
-r-xr-x--- 1 root   root         588853 Jun 13 22:04 p34527093_190000_Linux-x86-64.zip
-r-xr-xr-x 1 root   root      129923777 Jun 13 22:04 p34422617_190000_Linux-x86-64.zip
-r-xr-x--- 1 root   root         320494 Jun 13 22:04 p34414328_190000_Linux-x86-64.zip
-r-xr-x--- 1 root   root        5042260 Jun 13 22:04 p33902288_190000_Linux-x86-64.zip
-r-xr-x--- 1 root   root         587225 Jun 13 22:04 p31094569_190000_Linux-x86-64.zip
-r-xr-x--- 1 root   root         400875 Jun 13 22:04 p29997937_190000_Linux-x86-64.zip
-r-xr-x--- 1 root   root         381939 Jun 13 22:04 p35099667_190000_Linux-x86-64.zip
-r-xr-xr-x 1 root   root      320667288 Jun 13 22:04 p33837975_190000_Linux-x86-64.zip
-r-xr-x--- 1 root   root        5042514 Jun 13 22:04 p35356396_190000_Linux-x86-64.zip
-r-xr-x--- 1 root   root         386114 Jun 13 22:04 p35220732_190000_Linux-x86-64.zip
-r-xr-xr-x 1 root   root      321735531 Jun 13 22:04 p35094814_190000_Linux-x86-64.zip
-r-xr-x--- 1 root   root         190850 Jun 13 22:04 p35766532_190000_Linux-x86-64.zip
-r-xr-xr-x 1 root   root      321732182 Jun 13 22:04 p35490977_190000_Linux-x86-64.zip
-r-xr-x--- 1 root   root        1526568 Jun 13 22:04 p35122796_190000_Linux-x86-64.zip
-r-xr-x--- 1 root   root         604129 Jun 13 22:04 p34709943_190000_Linux-x86-64.zip
-r-xr-x--- 1 root   root        5044959 Jun 13 22:04 p36375037_190000_Linux-x86-64.zip
-r-xr-xr-x 1 root   root      321730181 Jun 13 22:04 p35994738_190000_Linux-x86-64.zip
-r-xr-x--- 1 root   root         851077 Jun 13 22:04 p35784008_190000_Linux-x86-64.zip
-r-xr-x--- 1 root   root        2443925 Jun 13 22:04 p34595341_190000_Linux-x86-64.zip
-r-xr-x--- 1 root   root          78843 Jun 13 22:04 p34387161_190000_Linux-x86-64.zip
-r-xr-x--- 1 root   root         338250 Jun 13 22:04 p33647820_190000_Linux-x86-64.zip
-r-xr-x--- 1 root   root        1375069 Jun 13 22:04 p33318311_190000_Linux-x86-64.zip
-r-xr-xr-x 1 root   root      321731138 Jun 13 22:04 p36592402_190000_Linux-x86-64.zip
-r-xr-x--- 1 root   root         376978 Jun 13 22:04 p36592228_190000_Linux-x86-64.zip
-r-xr-x--- 1 root   root        1276581 Jun 13 22:04 p36592222_190000_Linux-x86-64.zip
-r-xr-x--- 1 root   root          31333 Jun 13 22:04 p35383695_190000_Linux-x86-64.zip
-r-xr-x--- 1 root   root         978321 Jun 13 22:04 p33241692_190000_Linux-x86-64.zip
-r-xr-x--- 1 root   root          85938 Jun 13 22:04 p32269499_190000_Linux-x86-64.zip
-r-xr-xr-x 1 root   root     1182418121 Jun 13 22:04 p36114443_190000_Linux-x86-64.zip
-rw-r--r-- 1 root   root      953492837 Jun 13 22:05 ra_automation-21.1.202405-RELEASE.x86_64.rpm
-rw-r--r-- 1 root   root          82910 Jun 13 23:40 README.txt
-rw-r--r-- 1 oracle dba         1643010 Jul 18 12:00 radump_time_240718_1200__ospid_382732_RADUMP.txt
-rw-r--r-- 1 oracle dba         1697947 Jul 22 17:32 radump_time_240722_1732__ospid_320436_RADUMP.txt
-rw-r--r-- 1 oracle dba         1846927 Jul 24 21:25 radump_time_240724_2125__ospid_238362_RADUMP.txt
-rw-r--r-- 1 oracle dba         1708821 Jul 30 17:14 radump_time_240730_1714__ospid_360122_RADUMP.txt
-rw-r--r-- 1 oracle dba         1711848 Jul 31 18:07 radump_time_240731_1807__ospid_189604_RADUMP.txt
-rw-r--r-- 1 oracle dba         1711620 Aug  1 19:51 radump_time_240801_1951__ospid_137819_RADUMP.txt
-rw-r--r-- 1 oracle dba         2309048 Aug  4 11:48 radump_time_240804_1148__ospid_338638_RADUMP.txt
-rw-r--r-- 1 oracle dba         1961717 Aug  8 12:02 radump_time_240808_1202__ospid_151314_RADUMP.txt
-rw-r--r-- 1 oracle dba         1971949 Aug 22 16:00 radump_time_240822_1600__ospid_170832_RADUMP.txt
-rw-r--r-- 1 oracle dba         3522285 Aug 26 22:44 radump_time_240826_2244__ospid_381911_RADUMP.txt
-rw-r--r-- 1 oracle dba         4259656 Aug 27 22:47 radump_time_240827_2247__ospid_356985_RADUMP.txt
-rw-r--r-- 1 oracle dba         4298690 Aug 31 06:22 radump_time_240831_0622__ospid_10430_RADUMP.txt
-rw-r--r-- 1 oracle dba         5045847 Sep  1 06:22 radump_time_240901_0622__ospid_240231_RADUMP.txt
-rw-r--r-- 1 oracle dba         7958232 Sep  9 06:18 radump_time_240909_0618__ospid_40939_RADUMP.txt
-rw-r--r-- 1 oracle dba         8583186 Sep 10 06:19 radump_time_240910_0619__ospid_357506_RADUMP.txt
-rw-r--r-- 1 oracle dba         9275969 Sep 12 06:35 radump_time_240912_0635__ospid_335636_RADUMP.txt
-rw-r--r-- 1 oracle dba         9881129 Sep 14 06:36 radump_time_240914_0636__ospid_269905_RADUMP.txt
-rw-r--r-- 1 oracle dba        12189443 Sep 18 06:54 radump_time_240918_0654__ospid_181500_RADUMP.txt
-rw-r--r-- 1 oracle dba        14051725 Sep 21 06:57 radump_time_240921_0657__ospid_34842_RADUMP.txt
-rw-r--r-- 1 oracle dba        14776645 Sep 23 07:07 radump_time_240923_0707__ospid_185449_RADUMP.txt
-rw-r--r-- 1 oracle dba        14237419 Sep 24 07:07 radump_time_240924_0707__ospid_263109_RADUMP.txt
-rw-r--r-- 1 oracle dba        14742628 Sep 27 06:15 radump_time_240927_0614__ospid_244634_RADUMP.txt
-rw-r--r-- 1 oracle dba        14766407 Sep 28 06:15 radump_time_240928_0615__ospid_202811_RADUMP.txt
-rw-r--r-- 1 oracle dba        16559270 Oct  2 06:41 radump_time_241002_0641__ospid_302306_RADUMP.txt
-rw-r--r-- 1 oracle dba        15953325 Oct  3 07:08 radump_time_241003_0708__ospid_359809_RADUMP.txt
-rw-r--r-- 1 oracle dba        18733781 Oct  9 06:34 radump_time_241009_0634__ospid_389506_RADUMP.txt
-rw-r--r-- 1 oracle dba        18766381 Oct 11 06:50 radump_time_241011_0650__ospid_25608_RADUMP.txt
-rw-r--r-- 1 oracle dba        20118919 Oct 17 06:14 radump_time_241017_0613__ospid_150571_RADUMP.txt
-rw-r--r-- 1 oracle dba        20837317 Oct 18 06:27 radump_time_241018_0627__ospid_316472_RADUMP.txt
-rw-r--r-- 1 oracle dba        20937344 Oct 19 06:27 radump_time_241019_0627__ospid_27463_RADUMP.txt
-rw-r--r-- 1 oracle dba        21423212 Oct 20 06:29 radump_time_241020_0629__ospid_132505_RADUMP.txt
-rw-r--r-- 1 oracle dba        21855174 Oct 22 06:30 radump_time_241022_0630__ospid_324839_RADUMP.txt
-rw-r--r-- 1 oracle dba        21809129 Oct 23 06:32 radump_time_241023_0632__ospid_397909_RADUMP.txt
-rw-r--r-- 1 oracle dba        22901860 Oct 25 06:42 radump_time_241025_0642__ospid_191906_RADUMP.txt
-rw-r--r-- 1 oracle dba        23184651 Oct 26 06:51 radump_time_241026_0651__ospid_227323_RADUMP.txt
-rw-r--r-- 1 oracle dba        26996322 Nov  3 22:29 radump_time_241103_2229__ospid_132307_RADUMP.txt
-rw-r--r-- 1 oracle dba        27174812 Nov  4 22:30 radump_time_241104_2230__ospid_206629_RADUMP.txt
-rw-r--r-- 1 oracle dba        27975408 Nov  8 22:38 radump_time_241108_2238__ospid_144188_RADUMP.txt
-rw-r--r-- 1 oracle dba        28174224 Nov 10 22:52 radump_time_241110_2252__ospid_328508_RADUMP.txt
-rw-r--r-- 1 oracle dba        28831754 Nov 11 22:53 radump_time_241111_2253__ospid_3646_RADUMP.txt
-rw-r--r-- 1 oracle dba        31297997 Nov 18 22:45 radump_time_241118_2245__ospid_145537_RADUMP.txt
-rw-r--r-- 1 oracle dba        32946149 Nov 21 22:47 radump_time_241121_2247__ospid_296695_RADUMP.txt
-rw-r--r-- 1 oracle dba        32988609 Nov 22 22:52 radump_time_241122_2252__ospid_14328_RADUMP.txt
-rw-r--r-- 1 oracle dba        33146992 Nov 23 22:53 radump_time_241123_2253__ospid_175387_RADUMP.txt
-rw-r--r-- 1 oracle dba        34004302 Nov 25 22:59 radump_time_241125_2259__ospid_339528_RADUMP.txt
-rw-r--r-- 1 oracle dba        35164084 Dec  1 23:10 radump_time_241201_2310__ospid_96277_RADUMP.txt
-rw-r--r-- 1 oracle dba        36102769 Dec  4 22:25 radump_time_241204_2225__ospid_46662_RADUMP.txt
-rw-r--r-- 1 root   root             22 Dec  5 15:39 perl_ra_preinstall.restart
drwxr-xr-x 2 root   root           4096 Dec  5 15:41 patch21
[root@hannvzdlrasvr01 radump]#
[root@hannvzdlrasvr01 radump]#
[root@hannvzdlrasvr01 radump]#
[root@hannvzdlrasvr01 radump]#
[root@hannvzdlrasvr01 radump]# /usr/bin/perl ra_pre
ra_precheck.pl    ra_precheck.sh    ra_preinstall.pl
[root@hannvzdlrasvr01 radump]# /usr/bin/perl ra_preinstall.pl
Start: Running ra_preinstall.pl on hannvzdlrasvr01.
Fuse group already exists. Skipping.
Identity added: /opt/oracle.RecoveryAppliance/.ssh/racli.key (root@hannvzdlrasvr01.dancuquocgia.bca)
Skip: RPM versions comparison [Already Run]
Note:
    The ra_preinstall.pl manages the ra_automation RPM,
    and provides a --rollback option.
    The RPM is updated during ra preinstall. Rollback is feasible if the old rpm is found.
    You do not need to update RPM separately.

    Refer to the README.txt included in this ZDLRA Patch for more details.

    Do you want to continue (y|n):  y
Copying ra_preinstall.pl, create_raoratab.* and new RPM to remote node hannvzdlrasvr02. Password may be required to connect.
ra_preinstall.pl                                                                                                                                                            100%   68KB  47.0MB/s   00:00
create_raoratab.pl                                                                                                                                                          100% 3251     9.3MB/s   00:00
create_raoratab.sh                                                                                                                                                          100% 1093     8.8MB/s   00:00
run_set_env.sh                                                                                                                                                              100% 1230     9.7MB/s   00:00
set_env.sh                                                                                                                                                                  100% 2933     8.8MB/s   00:00
ra_automation-21.1.202405-RELEASE.x86_64.rpm                                                                                                                                100%  909MB 112.8MB/s   00:08
Created log /opt/oracle.RecoveryAppliance/log/create_raoratab.log
Start: Running ra_preinstall.pl on hannvzdlrasvr02.
Fuse group already exists. Skipping.
Start Update sshd_config
End Update sshd_config
End: Running ra_preinstall.pl on hannvzdlrasvr02.
Start: ra_preinstall post cleanup
End: ra_preinstall post cleanup
Start: Check Filesystem Space
End: Check Filesystem Space
Start: Check Init Parameters
Created log file /opt/oracle.RecoveryAppliance/log/ra_init_param_check.log
All init parameters have been validated.
End: Check Init Parameters
Start: Remove current RPM and install new RPM on hannvzdlrasvr01.
End: Remove current RPM and install new RPM on hannvzdlrasvr01.
Start: Update known_hosts on hannvzdlrasvr01.
End: Update known_hosts on hannvzdlrasvr01.
Start: Remove current RPM and install new RPM on hannvzdlrasvr02.
End: Remove current RPM and install new RPM on hannvzdlrasvr02.
Start: Update known_hosts on hannvzdlrasvr02.
End: Update known_hosts on hannvzdlrasvr02.
Created log /opt/oracle.RecoveryAppliance/log/raprecheck.log
Start: Run Pre check for Patch
Thu Dec  5 15:42:36 2024: Start: racli run check --group_name=PRECHECK
Thu Dec  5 15:42:36 2024: Log file: hannvzdlrasvr01.dancuquocgia.bca:/opt/oracle.RecoveryAppliance/log/racli_run_check_20241205.1542.log
Thu Dec  5 15:42:36 2024: CHECK: RA Services                         - PASS
Thu Dec  5 15:42:49 2024: CHECK: Exadata Image Version               - PASS
Thu Dec  5 15:42:52 2024: CHECK: Check Active Incidents              - FAIL
Thu Dec  5 15:42:52 2024:       CAUSE
Thu Dec  5 15:42:52 2024:         WARNING!!! Active incidents found
Thu Dec  5 15:42:52 2024:         For more details, see log file:
Thu Dec  5 15:42:52 2024:          - /opt/oracle.RecoveryAppliance/log/racli_check_active_incidents_20241205.1542.log
Thu Dec  5 15:42:52 2024: CHECK: Init Parameters                     - PASS
Thu Dec  5 15:42:53 2024: CHECK: Invalid Objects                     - PASS
Thu Dec  5 15:42:53 2024: CHECK: Export Backup                       - PASS
Thu Dec  5 15:42:53 2024: CHECK: ZDLRA Rasys Wallet                  - PASS
Thu Dec  5 15:42:56 2024: CHECK: Compute Node AlertHistory           - PASS
Thu Dec  5 15:42:56 2024:       HOST: [hannvzdlrasvr02]                  - PASS
Thu Dec  5 15:42:56 2024:       HOST: [hannvzdlrasvr01]                  - PASS
Thu Dec  5 15:43:07 2024: CHECK: Storage Cell AlertHistory           - PASS
Thu Dec  5 15:43:07 2024:       HOST: [hannvzdlracel10]               - PASS
Thu Dec  5 15:43:07 2024:       HOST: [hannvzdlracel08]               - PASS
Thu Dec  5 15:43:07 2024:       HOST: [hannvzdlracel05]               - PASS
Thu Dec  5 15:43:07 2024:       HOST: [hannvzdlracel09]               - PASS
Thu Dec  5 15:43:07 2024:       HOST: [hannvzdlracel06]               - PASS
Thu Dec  5 15:43:07 2024:       HOST: [hannvzdlracel03]               - PASS
Thu Dec  5 15:43:07 2024:       HOST: [hannvzdlracel04]               - PASS
Thu Dec  5 15:43:07 2024:       HOST: [hannvzdlracel07]               - PASS
Thu Dec  5 15:43:07 2024:       HOST: [hannvzdlracel01]               - PASS
Thu Dec  5 15:43:07 2024:       HOST: [hannvzdlracel02]               - PASS
Thu Dec  5 15:43:07 2024:       HOST: [hannvzdlracel11]               - PASS
Thu Dec  5 15:43:08 2024: CHECK: Oracle User Password Expires        - PASS
Thu Dec  5 15:43:08 2024:       HOST: [hannvzdlrasvr01]                  - PASS
Thu Dec  5 15:43:08 2024:       HOST: [hannvzdlrasvr02]                  - PASS
Thu Dec  5 15:43:09 2024: CHECK: Session Count                       - PASS
Thu Dec  5 15:43:09 2024:       Session count: 64
Thu Dec  5 15:43:10 2024: CHECK: TLS Health                          - PASS
Thu Dec  5 15:43:10 2024: End: racli run check --group_name=PRECHECK
End: Run Pre check for Patch
Start Update sshd_config
End Update sshd_config
End: Running ra_preinstall.pl on hannvzdlrasvr01.
Start: ra_preinstall post cleanup
End: ra_preinstall post cleanup
[root@hannvzdlrasvr01 radump]# racli update --help
ERROR: Unknown object for update
Welcome to racli help.

Invalid racli object

Valid objects for update:
support_tools ssh_known_hosts appliance aide storage_location parameter ssh_keys
[root@hannvzdlrasvr01 radump]# racli --help
ERROR: Unknown arguments
Welcome to racli help.

Error Invalid racli command

  Usage:
       racli help                    - General usage information for the racli help command
       racli help <COMMAND>          - Detailed information specific to the COMMAND requested
       racli help <COMMAND> <OBJECT> - Specific detailed information on the COMMAND and OBJECT relationship


Valid racli commands:
        deny disable create install stop export version configure upgrade help add run enable approve list start status update alter patch remove uninstall

[root@hannvzdlrasvr01 radump]# racli help
Welcome to racli help.

Name:
    racli - Recovery Appliance Command Line Interface

Description:
    The racli is a simplified and controlled environment for users to manage
    their Recovery Appliance via the command line.

Help:
    Displays information about racli commands and their objects.

    Usage: racli help [<COMMAND> [<OBJECT>]]

    Options:

    "racli help"
                General usage information for the racli help command.

    "racli help <COMMAND>"
                Detailed information specific to the COMMAND requested.

    "racli help <COMMAND> <OBJECT>"
                Specific detailed information on the COMMAND and OBJECT
                relationship.


  Usage:
       racli help                    - General usage information for the racli help command
       racli help <COMMAND>          - Detailed information specific to the COMMAND requested
       racli help <COMMAND> <OBJECT> - Specific detailed information on the COMMAND and OBJECT relationship


Valid racli commands:
        help disable version alter update configure stop list run deny install patch remove uninstall start add enable approve create upgrade status export
[root@hannvzdlrasvr01 radump]# racli help update
Welcome to racli help.

  Update:
    Update a component of the Recovery Appliance.

   Appliance:
    Updates the ZDLRA. This command replaces ""racli patch appliance"" and
    ""racli upgrade appliance"" and determines whether the update should be
    a patch or an upgrade. It performs all the prechecks. If the prechecks
    pass, it proceeds with the patch or upgrade steps. If the update fails
    in the middle and after the identified error is corrected, this command
    can be rerun and it will continue with the step that failed.

    Usage: racli update appliance [--ignore_incidents]

    Options:

    "--ignore_incidents"
        Ignore active incidents (not recommended).

   Aide:
    Updates the Advanced Intrusion Detection Environment (AIDE).

    Usage: racli update aide

    AIDE is an Exadata utility that creates a database of files on the
    system and tracks changes. AIDE ensures file integrity and detects
    system intrusions.

   ssh_Known_Hosts:
    Maintains a system-wide configuration file "/etc/ssh/ssh_known_hosts"
    from "LsNodes()" and "GetCells()". This command consumes "ssh-keyscan
    x8m-kix1-dmhsf1".

    Usage: racli update ssh_known_hosts --config=KNOWNHOSTCONFIGFILE

    Options:

    "--config"
        Specifies the path to the known hosts configuration file, such as
        "/etc/ssh/ssh_known_hosts".

    This command can help resolve installation issues that arise from "SSH
    KEY" inconsistencies.

   Support_Tools:
    Updates the AHF and Exachk versions using the staged binaries zip files.

    Usage: racli update support_tools {--ahf_file=<AHF_FILE_NAME>}
    {--exachk_file=<EXACHK_FILE_NAME>}

    Options:

    "--ahf_file"
        Updates AHF version the the provided AHF version.

    "--exachk_file"
        Updates Exachk version the the provided Exachk version.

   Storage_Location:
    Update RA pool data file with the most current number of storage cells.

    Usage: racli update storage_location --cells=cell1,cell2,...celln

   Parameter:
    Update init parameters in the Recovery Appliance.

    Usage: racli update parameter --type=db [--restart_db]

    Options:

    "--type"
        The type of init parameter to be updated. Presently only "db" is
        supported.

[root@hannvzdlrasvr01 radump]# racli update appliance
Thu Dec  5 15:46:05 2024:
Patch Appliance [ Step 1 ]

Created log /opt/oracle.RecoveryAppliance/log/racli_patch_appliance.log
Thu Dec  5 15:46:05 2024: Start: Patch Recovery Appliance - Step [PreCheck]
Thu Dec  5 15:46:05 2024: Start: Check ZDLRA Services
Thu Dec  5 15:46:08 2024: End: Check ZDLRA Services
Thu Dec  5 15:46:08 2024: Start: Check ASM rebalance
Thu Dec  5 15:46:08 2024: End: Check ASM rebalance
Thu Dec  5 15:46:08 2024: Start: Check Cluster
Thu Dec  5 15:46:54 2024: End: Check Cluster
Thu Dec  5 15:46:58 2024: Start: Check Open Incidents
Thu Dec  5 15:47:00 2024: ERROR: Active incidents found.
        See log for details. - Failed: 1
[root@hannvzdlrasvr01 radump]#
[root@hannvzdlrasvr01 radump]# racli update appliance --ignore_incidents
Thu Dec  5 15:47:59 2024:
Patch Appliance [ Step 1 ]

Created log /opt/oracle.RecoveryAppliance/log/racli_patch_appliance.log
Thu Dec  5 15:47:59 2024: Start: Patch Recovery Appliance - Step [PreCheck]
Thu Dec  5 15:47:59 2024: Start: Check ZDLRA Services
Thu Dec  5 15:48:00 2024: End: Check ZDLRA Services
Thu Dec  5 15:48:00 2024: Start: Check ASM rebalance
Thu Dec  5 15:48:00 2024: End: Check ASM rebalance
Thu Dec  5 15:48:00 2024: Start: Check Cluster
Thu Dec  5 15:48:47 2024: End: Check Cluster
Thu Dec  5 15:48:49 2024: Start: Check Open Incidents
Thu Dec  5 15:48:51 2024: ignore_incidents set Skip
ERROR: Active incidents found.
        See log for details.

Thu Dec  5 15:48:51 2024: End: Check Open Incidents
Thu Dec  5 15:48:51 2024: Start: Check Invalid Objects
Thu Dec  5 15:48:51 2024: Start: Recompile GSM Admin internal invalid object.
Thu Dec  5 15:48:53 2024: End: Recompile GSM Admin internal invalid object.
Thu Dec  5 15:48:53 2024: No invalid objects found
Thu Dec  5 15:48:54 2024: End: Check Invalid Objects
Thu Dec  5 15:48:54 2024: Start: Check Init Parameters
Thu Dec  5 15:48:54 2024: All init parameters have been validated
Thu Dec  5 15:48:55 2024: End: Check Init Parameters
Thu Dec  5 15:48:55 2024: Start: Check compute node oracle access
Thu Dec  5 15:48:55 2024: End: Check compute node oracle access
Thu Dec  5 15:48:55 2024: Start: Check TFA/AHF status
Thu Dec  5 15:48:57 2024: End: Check TFA/AHF status
Thu Dec  5 15:48:57 2024: Start: Check File Permissions
Thu Dec  5 15:48:57 2024: End: Check File Permissions
Thu Dec  5 15:48:57 2024: Start: Check Grid Checkpoint
Thu Dec  5 15:48:58 2024: End: Check Grid Checkpoint
Thu Dec  5 15:48:58 2024: Start: Check RA Patch Levels
Thu Dec  5 15:48:58 2024: End: Check RA Patch Levels
Thu Dec  5 15:48:58 2024: Start: Check Patches
Thu Dec  5 15:49:10 2024: Start: Unpack Instant Client Libs
Thu Dec  5 15:49:20 2024: End Unpack Instant Client Libs
Thu Dec  5 15:49:20 2024: End: Check Patches
Thu Dec  5 15:49:20 2024: End: Patch Recovery Appliance - Step [PreCheck]
Thu Dec  5 15:49:20 2024:
Patch Appliance [ Step 2 ]

Created log /opt/oracle.RecoveryAppliance/log/racli_patch_appliance.log
Thu Dec  5 15:49:29 2024: Start: Patch Recovery Appliance - Step [Patch]
Thu Dec  5 15:49:29 2024: Skip: Patch Recovery Appliance - Step [PreCheck] [Already Run]
Thu Dec  5 15:49:29 2024: Start: Pre Patch Release Steps
Thu Dec  5 15:49:29 2024: End: Pre Patch Release Steps
Thu Dec  5 15:49:29 2024: Start: Unpack Patches
Thu Dec  5 15:52:02 2024: End: Unpack Patches
Thu Dec  5 15:52:02 2024: Start: Rasys configuration
Thu Dec  5 15:52:07 2024: End: Rasys configuration
Thu Dec  5 15:52:07 2024: Start: Update TNS Admin
Thu Dec  5 15:52:15 2024: End: Update TNS Admin
Thu Dec  5 15:52:15 2024: Start: Update config files
Thu Dec  5 15:52:16 2024: End: Update config files
Thu Dec  5 15:52:16 2024: Start: Update Init Parameters
Thu Dec  5 15:52:25 2024: End: Update Init Parameters
Thu Dec  5 15:52:25 2024: Start: Stop ZDLRA Services
Thu Dec  5 15:57:05 2024: End: Stop ZDLRA Services
Thu Dec  5 15:57:05 2024: Start: Disable ZDLRA Exports
Thu Dec  5 15:57:06 2024: End: Disable ZDLRA Exports
Thu Dec  5 15:57:06 2024: Start: Disable RA Filesystem Cleanup
Thu Dec  5 15:57:06 2024: End: Disable RA Filesystem Cleanup
Thu Dec  5 15:57:06 2024: Start: Check Active Programs
Thu Dec  5 15:58:10 2024: Start: Stop Clusterware
Thu Dec  5 15:58:47 2024: End: Stop Clusterware
Thu Dec  5 15:58:47 2024: Start: Checking active programs
Thu Dec  5 15:58:48 2024: End: Checking active programs
Thu Dec  5 15:58:48 2024: Start: Start Clusterware
Thu Dec  5 16:02:12 2024: End: Start Clusterware
Thu Dec  5 16:02:12 2024: End: Check Active Programs
Thu Dec  5 16:02:12 2024: Start: Patch OPatch
Thu Dec  5 16:02:21 2024: End: Patch OPatch
Thu Dec  5 16:02:21 2024: Start: Installed Patch Check DB
Thu Dec  5 16:07:12 2024: End: Installed Patch Check DB
Thu Dec  5 16:07:12 2024: Start: Installed Patch Check GI
Thu Dec  5 16:17:53 2024: End: Installed Patch Check GI
Thu Dec  5 16:17:53 2024: Start: Apply Bundle Patch
Thu Dec  5 16:18:02 2024: End: Apply Bundle Patch
Thu Dec  5 16:18:02 2024: Start: Apply GI Patches
Thu Dec  5 16:32:03 2024: End: Apply GI Patches
Thu Dec  5 16:32:03 2024: Start: Install ZDLRA Patch
Thu Dec  5 16:32:31 2024: End: Install ZDLRA Patch
Thu Dec  5 16:32:31 2024: Start: Apply DB Patch
Thu Dec  5 16:35:38 2024: End: Apply DB Patch
Thu Dec  5 16:35:38 2024: Start: Update libraries
Thu Dec  5 16:35:41 2024: Start: Enable DB
Thu Dec  5 16:36:41 2024: End: Enable DB
Thu Dec  5 16:36:41 2024: Start: Apply Datapatch
Thu Dec  5 16:36:55 2024: End: Apply Datapatch
Thu Dec  5 16:36:55 2024: Start: Rasys Update
Thu Dec  5 16:39:34 2024: End: Rasys Update
Thu Dec  5 16:39:34 2024: Start: ZDLRA OS Updates
Thu Dec  5 16:40:12 2024: End: ZDLRA OS Updates
Thu Dec  5 16:40:12 2024: Start: Exawatcher start
Thu Dec  5 16:40:13 2024: End: Exawatcher start
Thu Dec  5 16:40:17 2024: Start: AHF Update
Thu Dec  5 16:45:59 2024: End: AHF Update
Thu Dec  5 16:46:00 2024: Start: Secure Backup Update
Thu Dec  5 16:46:00 2024: End: Secure Backup Update
Thu Dec  5 16:46:00 2024: Start: Setup OS
Thu Dec  5 16:46:39 2024: End: Setup OS
Thu Dec  5 16:46:39 2024: Start: Enable Named Users
Thu Dec  5 16:46:53 2024: End: Enable Named Users
Thu Dec  5 16:46:53 2024: Start: Post Patch Service Enable
Thu Dec  5 16:48:43 2024: Start: Enable ZDLRA
Thu Dec  5 16:48:43 2024: End: Enable ZDLRA
Thu Dec  5 16:48:56 2024: Start: Enable RA Backup
Thu Dec  5 16:48:56 2024: End: Enable RA Backup
Thu Dec  5 16:48:56 2024: Start: Enable RA Filesystem Cleanup
Thu Dec  5 16:48:56 2024: End: Enable RA Filesystem Cleanup
Thu Dec  5 16:48:56 2024: End: Post Patch Service Enable
Thu Dec  5 16:48:56 2024: Start: Check for EM Agents
Thu Dec  5 16:53:01 2024: End: Check for EM Agents
Thu Dec  5 16:53:01 2024: Start: Check Init Parameters
Thu Dec  5 16:53:02 2024: End: Check Init Parameters
Thu Dec  5 16:53:02 2024: Start: Reset RA user password
Thu Dec  5 16:53:06 2024: End: Reset RA user password
Thu Dec  5 16:53:06 2024: Start: Post Patch Clean Up
Thu Dec  5 16:55:06 2024: End: Post Patch Clean Up
Thu Dec  5 16:55:06 2024: Start: Update SSH configuration
Thu Dec  5 16:55:06 2024: End: Update SSH configuration
Thu Dec  5 16:55:06 2024: End: Patch Recovery Appliance - Step [Patch]
[root@hannvzdlrasvr01 radump]#
[root@hannvzdlrasvr01 ~]# racli status appliance
hannvzdlrasvr02 crs        state:  [ONLINE]
hannvzdlrasvr02 ra_server  state:  [ONLINE]
hannvzdlrasvr02 db         state:  [ONLINE]
hannvzdlrasvr01 crs        state:  [ONLINE]
hannvzdlrasvr01 ra_server  state:  [ONLINE]
hannvzdlrasvr01 db         state:  [ONLINE]
[root@hannvzdlrasvr01 ~]# racli version
Recovery Appliance Version:
        exadata image: 23.1.12.0.0.240322
        rarpm version: ra_automation-21.1.202405-RELEASE.x86_64
        rdbms version: RDBMS_19.13.0.0.211019DBRU_LINUX.X64_RELEASE
        transaction  :
        zdlra version: ZDLRA_21.1.202405_LINUX.X64_RELEASE
[root@hannvzdlrasvr01 ~]# racli run check --all
Thu Dec  5 16:56:38 2024: Start: racli run check --all
Thu Dec  5 16:56:38 2024: Log file: hannvzdlrasvr01.dancuquocgia.bca:/opt/oracle.RecoveryAppliance/log/racli_run_check_20241205.1656.log
Thu Dec  5 16:56:42 2024: CHECK: RA Services                         - PASS
Thu Dec  5 16:56:55 2024: CHECK: Exadata Image Version               - PASS
Thu Dec  5 16:56:58 2024: CHECK: RA_CATALOG Tablespace               - PASS
Thu Dec  5 16:57:01 2024: CHECK: Check Active Incidents              - FAIL
Thu Dec  5 16:57:01 2024:       CAUSE
Thu Dec  5 16:57:01 2024:         WARNING!!! Active incidents found
Thu Dec  5 16:57:01 2024:         For more details, see log file:
Thu Dec  5 16:57:01 2024:          - /opt/oracle.RecoveryAppliance/log/racli_check_active_incidents_20241205.1656.log
Thu Dec  5 16:57:13 2024: CHECK: Init Parameters                     - PASS
Thu Dec  5 16:57:14 2024: CHECK: Invalid Objects                     - PASS
Thu Dec  5 16:57:15 2024: CHECK: Export Backup                       - PASS
Thu Dec  5 16:57:15 2024: CHECK: ZDLRA Rasys Wallet                  - PASS
Thu Dec  5 16:57:17 2024: CHECK: Compute Node AlertHistory           - PASS
Thu Dec  5 16:57:17 2024:       HOST: [hannvzdlrasvr01]                  - PASS
Thu Dec  5 16:57:17 2024:       HOST: [hannvzdlrasvr02]                  - PASS
Thu Dec  5 16:57:29 2024: CHECK: Storage Cell AlertHistory           - PASS
Thu Dec  5 16:57:29 2024:       HOST: [hannvzdlracel01]               - PASS
Thu Dec  5 16:57:29 2024:       HOST: [hannvzdlracel03]               - PASS
Thu Dec  5 16:57:29 2024:       HOST: [hannvzdlracel08]               - PASS
Thu Dec  5 16:57:29 2024:       HOST: [hannvzdlracel11]               - PASS
Thu Dec  5 16:57:29 2024:       HOST: [hannvzdlracel05]               - PASS
Thu Dec  5 16:57:29 2024:       HOST: [hannvzdlracel04]               - PASS
Thu Dec  5 16:57:29 2024:       HOST: [hannvzdlracel06]               - PASS
Thu Dec  5 16:57:29 2024:       HOST: [hannvzdlracel09]               - PASS
Thu Dec  5 16:57:29 2024:       HOST: [hannvzdlracel10]               - PASS
Thu Dec  5 16:57:29 2024:       HOST: [hannvzdlracel02]               - PASS
Thu Dec  5 16:57:29 2024:       HOST: [hannvzdlracel07]               - PASS
Thu Dec  5 16:57:31 2024: CHECK: Oracle User Password Expires        - PASS
Thu Dec  5 16:57:31 2024:       HOST: [hannvzdlrasvr01]                  - PASS
Thu Dec  5 16:57:31 2024:       HOST: [hannvzdlrasvr02]                  - PASS
Thu Dec  5 16:57:32 2024: CHECK: ZDLRA Version                       - PASS
Thu Dec  5 16:57:32 2024:       HOST: [hannvzdlrasvr01]                  - PASS
Thu Dec  5 16:57:32 2024:       HOST: [hannvzdlrasvr02]                  - PASS
Thu Dec  5 16:57:34 2024: CHECK: Session Count                       - PASS
Thu Dec  5 16:57:34 2024:       Session count: 64
Thu Dec  5 16:57:34 2024: CHECK: Filesystem Space                    - PASS
Thu Dec  5 16:57:36 2024: CHECK: TLS Health                          - PASS
Thu Dec  5 16:57:38 2024: CHECK: RA Compliance                       - SKIP
Thu Dec  5 16:57:38 2024: End: racli run check --all
[root@hannvzdlrasvr01 log]# cat /opt/oracle.RecoveryAppliance/log/racli_check_active_incidents_20241205.1656.log
Thu Dec  5 16:56:59 2024: Nothing to do. [3] < [10]Thu Dec  5 16:56:59 2024: !!!WARNING ACTIVE INCIDENTS FOUND!!!
Thu Dec  5 16:56:59 2024:

      To learn more about specific errors reference the Zero Data Loss
      Recovery Appliance Administrators Guide:
        Chapter 13 - Error Message Reference:
        http://docs.oracle.com/cd/E55822_01/AMAGD/amagd_errors.htm#AMAGD1442


Thu Dec  5 16:56:59 2024: ACTION: Prior to upgrade resolve all active inicdents
Optionally while not recommended:
        You can use --force to bypass this alert.
DETAILS=
  CAUSE
  WARNING!!! Active incidents found
  For more details, see log file:
   - /opt/oracle.RecoveryAppliance/log/racli_check_active_incidents_20241205.1656.log

|ID=Check Active Incidents|NAME=Check Active Incidents|STATUS=FAIL|SUMMARY=Found active incidents|[root@hannvzdlrasvr01 log]#
[root@hannvzdlrasvr01 dbserver_patch_241016]# ./patchmgr --dbnodes db_node2 --precheck --repo ../p36651146_241000_Linux-x86-64.zip --target_version 24.1.1.0.0.240605

************************************************************************************************************
NOTE    patchmgr release: 24.241016 (always check MOS 1553103.1 for the latest release of dbserver.patch.zip)
NOTE
WARNING Do not interrupt the patchmgr session.
WARNING Do not resize the screen. It may disturb the screen layout.
WARNING Do not reboot database nodes during update or rollback.
WARNING Do not open logfiles in write mode and do not try to alter them.
************************************************************************************************************
2024-12-05 17:15:49 +0700        :INFO   : Checking hosts connectivity via ICMP/ping
2024-12-05 17:15:50 +0700        :INFO   : Hosts Reachable: [10.9.41.2]
2024-12-05 17:15:50 +0700        :INFO   : All hosts are reachable via ping/ICMP
2024-12-05 17:15:50 +0700        :Working: Verify SSH equivalence for the root user to 10.9.41.2
2024-12-05 17:15:50 +0700        :SUCCESS: Verify SSH equivalence for the root user to 10.9.41.2
2024-12-05 17:15:52 +0700        :Working: Initiate precheck on 1 node(s)
2024-12-05 17:16:09 +0700        :Working: Check for enough free space on 10.9.41.2 to transfer and unzip files.
2024-12-05 17:16:13 +0700        :SUCCESS: Check for enough free space on 10.9.41.2 to transfer and unzip files.
2024-12-05 17:16:14 +0700        :INFO   : Preparing nodes: 10.9.41.2
2024-12-05 17:16:30 +0700        :Working: dbnodeupdate.sh running a precheck for the conventional update on node(s).
2024-12-05 17:18:46 +0700        :INFO   : Node 10.9.41.2 will not be Live Updated.
2024-12-05 17:19:09 +0700        :SUCCESS: Initiate precheck on node(s).

2024-12-05 17:19:10 +0700        :SUCCESS: Completed run of command: ./patchmgr --dbnodes db_node2 --precheck --repo ../p36651146_241000_Linux-x86-64.zip --target_version 24.1.1.0.0.240605
2024-12-05 17:19:10 +0700        :INFO   : Precheck performed on dbnode(s) in file db_node2: [10.9.41.2]
2024-12-05 17:19:10 +0700        :INFO   : Current image version on dbnode(s) is:
2024-12-05 17:19:10 +0700        :INFO   : 10.9.41.2: 23.1.12.0.0.240322
2024-12-05 17:19:10 +0700        :INFO   : For details, check the following files in /u01/patch/dbserver_patch_241016:
2024-12-05 17:19:10 +0700        :INFO   :  - <dbnode_name>_dbnodeupdate.log
2024-12-05 17:19:10 +0700        :INFO   :  - patchmgr.log
2024-12-05 17:19:10 +0700        :INFO   :  - patchmgr.trc
2024-12-05 17:19:10 +0700        :INFO   : Collected dbnodeupdate diag in file: Diag_patchmgr_dbnode_precheck_051224171547.tbz

2024-12-05 17:19:10 +0700        :INFO   : Exit status:0
2024-12-05 17:19:10 +0700        :INFO   : Exiting.
[root@hannvzdlrasvr01 dbserver_patch_241016]# ./patchmgr --dbnodes db_node1 --precheck --repo ../p36651146_241000_Linux-x86-64.zip --target_version 24.1.1.0.0.240605

************************************************************************************************************
NOTE    patchmgr release: 24.241016 (always check MOS 1553103.1 for the latest release of dbserver.patch.zip)
NOTE
WARNING Do not interrupt the patchmgr session.
WARNING Do not resize the screen. It may disturb the screen layout.
WARNING Do not reboot database nodes during update or rollback.
WARNING Do not open logfiles in write mode and do not try to alter them.
************************************************************************************************************
2024-12-05 17:19:22 +0700        :INFO   : Checking hosts connectivity via ICMP/ping
2024-12-05 17:19:23 +0700        :INFO   : Hosts Reachable: [10.9.41.1]
2024-12-05 17:19:23 +0700        :INFO   : All hosts are reachable via ping/ICMP
2024-12-05 17:19:23 +0700        :Working: Verify SSH equivalence for the root user to 10.9.41.1
2024-12-05 17:19:24 +0700        :ERROR  : Cannot connect to 10.9.41.1 with SSH
2024-12-05 17:19:24 +0700        :FAILED : Verify SSH equivalence for the root user to 10.9.41.1

2024-12-05 17:19:24 +0700        :ERROR  : FAILED run of command:./patchmgr --dbnodes db_node1 --precheck --repo ../p36651146_241000_Linux-x86-64.zip --target_version 24.1.1.0.0.240605
2024-12-05 17:19:24 +0700        :INFO   : Precheck performed on dbnode(s) in file db_node1: [10.9.41.1]
2024-12-05 17:19:24 +0700        :INFO   : For details, check the following files in /u01/patch/dbserver_patch_241016:
2024-12-05 17:19:24 +0700        :INFO   :  - <dbnode_name>_dbnodeupdate.log
2024-12-05 17:19:24 +0700        :INFO   :  - patchmgr.log
2024-12-05 17:19:24 +0700        :INFO   :  - patchmgr.trc
2024-12-05 17:19:24 +0700        :INFO   : Exit status:1
2024-12-05 17:19:24 +0700        :INFO   : Exiting.
[root@hannvzdlrasvr01 dbserver_patch_241016]# ssh hannvzdlrasvr01


!!!!!!!!!!! NOTICE !!!!!!!!!!
You are connecting to the Zero Data Loss Recovery Appliance OS shell.
Do NOT make non-approved changes to the system.
The following support notes should be read and followed prior to logging on:

  - Consequences of modifying the Recovery Appliance (Doc ID 2172842.1)
  - Zero Data Loss Recovery Appliance - Installing Third-Party Software and
    Modifying Internal Appliance Software (Doc ID 2014361.1)
  - Allowed Changes to the Recovery Appliance (Doc ID 2198313.1)

Leave the system shell at once if you haven't read these notes.

Failure to follow these requirements will likely cause major problems:
  - Could make the ZDLRA UNSUPPORTABLE.
  - Possible Backup data loss
  - System Failures
  - Stability Issues
  - Increased outages
!!!!!!!!!!! NOTICE !!!!!!!!!!

root@hannvzdlrasvr01's password:

[root@hannvzdlrasvr01 dbserver_patch_241016]# ssh-copy-id -i 10.9.41.1
/usr/bin/ssh-copy-id: INFO: Source of key(s) to be installed: "/root/.ssh/id_rsa.pub"
/usr/bin/ssh-copy-id: INFO: attempting to log in with the new key(s), to filter out any that are already installed
/usr/bin/ssh-copy-id: INFO: 1 key(s) remain to be installed -- if you are prompted now it is to install the new keys


!!!!!!!!!!! NOTICE !!!!!!!!!!
You are connecting to the Zero Data Loss Recovery Appliance OS shell.
Do NOT make non-approved changes to the system.
The following support notes should be read and followed prior to logging on:

  - Consequences of modifying the Recovery Appliance (Doc ID 2172842.1)
  - Zero Data Loss Recovery Appliance - Installing Third-Party Software and
    Modifying Internal Appliance Software (Doc ID 2014361.1)
  - Allowed Changes to the Recovery Appliance (Doc ID 2198313.1)

Leave the system shell at once if you haven't read these notes.

Failure to follow these requirements will likely cause major problems:
  - Could make the ZDLRA UNSUPPORTABLE.
  - Possible Backup data loss
  - System Failures
  - Stability Issues
  - Increased outages
!!!!!!!!!!! NOTICE !!!!!!!!!!

root@10.9.41.1's password:

Number of key(s) added: 1

Now try logging into the machine, with:   "ssh '10.9.41.1'"
and check to make sure that only the key(s) you wanted were added.

[root@hannvzdlrasvr01 dbserver_patch_241016]# ./patchmgr --dbnodes db_node1 --precheck --repo ../p36651146_241000_Linux-x86-64.zip --target_version 24.1.1.0.0.240605

************************************************************************************************************
NOTE    patchmgr release: 24.241016 (always check MOS 1553103.1 for the latest release of dbserver.patch.zip)
NOTE
WARNING Do not interrupt the patchmgr session.
WARNING Do not resize the screen. It may disturb the screen layout.
WARNING Do not reboot database nodes during update or rollback.
WARNING Do not open logfiles in write mode and do not try to alter them.
************************************************************************************************************
2024-12-05 17:19:56 +0700        :INFO   : Checking hosts connectivity via ICMP/ping
2024-12-05 17:19:57 +0700        :INFO   : Hosts Reachable: [10.9.41.1]
2024-12-05 17:19:57 +0700        :INFO   : All hosts are reachable via ping/ICMP
2024-12-05 17:19:57 +0700        :Working: Verify SSH equivalence for the root user to 10.9.41.1
2024-12-05 17:19:57 +0700        :SUCCESS: Verify SSH equivalence for the root user to 10.9.41.1
2024-12-05 17:20:00 +0700        :Working: Initiate precheck on 1 node(s)
2024-12-05 17:20:16 +0700        :Working: Check for enough free space on 10.9.41.1 to transfer and unzip files.
2024-12-05 17:20:20 +0700        :SUCCESS: Check for enough free space on 10.9.41.1 to transfer and unzip files.
2024-12-05 17:20:21 +0700        :INFO   : Preparing nodes: 10.9.41.1
2024-12-05 17:20:31 +0700        :Working: dbnodeupdate.sh running a precheck for the conventional update on node(s).
2024-12-05 17:22:34 +0700        :INFO   : Node 10.9.41.1 will not be Live Updated.
2024-12-05 17:22:50 +0700        :SUCCESS: Initiate precheck on node(s).

2024-12-05 17:22:51 +0700        :SUCCESS: Completed run of command: ./patchmgr --dbnodes db_node1 --precheck --repo ../p36651146_241000_Linux-x86-64.zip --target_version 24.1.1.0.0.240605
2024-12-05 17:22:51 +0700        :INFO   : Precheck performed on dbnode(s) in file db_node1: [10.9.41.1]
2024-12-05 17:22:51 +0700        :INFO   : Current image version on dbnode(s) is:
2024-12-05 17:22:51 +0700        :INFO   : 10.9.41.1: 23.1.12.0.0.240322
2024-12-05 17:22:51 +0700        :INFO   : For details, check the following files in /u01/patch/dbserver_patch_241016:
2024-12-05 17:22:51 +0700        :INFO   :  - <dbnode_name>_dbnodeupdate.log
2024-12-05 17:22:51 +0700        :INFO   :  - patchmgr.log
2024-12-05 17:22:51 +0700        :INFO   :  - patchmgr.trc
2024-12-05 17:22:52 +0700        :INFO   : Collected dbnodeupdate diag in file: Diag_patchmgr_dbnode_precheck_051224171954.tbz

2024-12-05 17:22:52 +0700        :INFO   : Exit status:0
2024-12-05 17:22:52 +0700        :INFO   : Exiting.
[root@hannvzdlrasvr01 dbserver_patch_241016]# cd ..
[root@hannvzdlrasvr01 patch]# ls
dbserver_patch_241016              p36651146_241000_Linux-x86-64.zip  p36669226_241000_Linux-x86-64.zip  p37136749_231000_Linux-x86-64.zip  p37177002_241000_Linux-x86-64.zip  patch_24.1.6.0.0.241115
p21634633_241500_Linux-x86-64.zip  p36651148_241000_Linux-x86-64.zip  p36694853_210000_Linux-x86-64.zip  p37177000_241000_Linux-x86-64.zip  p37244179_241000_Linux-x86-64.zip  patch_switch_24.1.6.0.0.241115
[root@hannvzdlrasvr01 patch]# unzip p36669226_241000_Linux-x86-64.zip
Archive:  p36669226_241000_Linux-x86-64.zip
   creating: patch_24.1.1.0.0.240605/
  inflating: patch_24.1.1.0.0.240605/24.1.1.0.0.240605.patch.tar
   creating: patch_24.1.1.0.0.240605/plugins/
  inflating: patch_24.1.1.0.0.240605/plugins/000-check_dummy_bash
  inflating: patch_24.1.1.0.0.240605/plugins/000-check_dummy_perl
  inflating: patch_24.1.1.0.0.240605/plugins/020-check_22468216.sh
  inflating: patch_24.1.1.0.0.240605/plugins/030-check_24625612.sh
  inflating: patch_24.1.1.0.0.240605/plugins/040-check_22896791.sh
  inflating: patch_24.1.1.0.0.240605/plugins/050-check_22651315.sh
  inflating: patch_24.1.1.0.0.240605/imageLogger
  inflating: patch_24.1.1.0.0.240605/exadata.img.env
  inflating: patch_24.1.1.0.0.240605/exadata.img.hw
  inflating: patch_24.1.1.0.0.240605/get_hardware_property.sh
  inflating: patch_24.1.1.0.0.240605/ExaXMLNode.pm
  inflating: patch_24.1.1.0.0.240605/dostep.sh
  inflating: patch_24.1.1.0.0.240605/patchmgr
  inflating: patch_24.1.1.0.0.240605/patchmgr_functions
  inflating: patch_24.1.1.0.0.240605/dcli
  inflating: patch_24.1.1.0.0.240605/README.txt
  inflating: patch_24.1.1.0.0.240605/ExadataImageNotification.pl
  inflating: patch_24.1.1.0.0.240605/ExadataSendNotification.pm
  inflating: patch_24.1.1.0.0.240605/patchReport.py
  inflating: patch_24.1.1.0.0.240605/error_code_json_functions
  inflating: patch_24.1.1.0.0.240605/exa_json_utils.py
  inflating: patch_24.1.1.0.0.240605/master_error_code.json
  inflating: patch_24.1.1.0.0.240605/timing_record.sh
  inflating: patch_24.1.1.0.0.240605/patchmgr_timing_report
  inflating: patch_24.1.1.0.0.240605/24.1.1.0.0.240605.iso
  inflating: patch_24.1.1.0.0.240605/dostep.sh.tmpl
  inflating: patch_24.1.1.0.0.240605/md5sum_files.lst
  inflating: patch_24.1.1.0.0.240605/README.html
[root@hannvzdlrasvr01 patch]# cd patch_24.1.1.0.0.240605/
[root@hannvzdlrasvr01 patch_24.1.1.0.0.240605]# history | grep cells
  866  2024-12-03.16:14:14 ./patchmgr --cells cell_group --help
  867  2024-12-03.16:14:57 ./patchmgr --cells cell_group --patch_check_prereq
  868  2024-12-03.16:15:34 ./patchmgr --cells cell_group --patch_check_prereq --rolling
  869  2024-12-03.16:15:52 ./patchmgr --cells cell_group --help
  870  2024-12-03.16:16:15 ./patchmgr --cells cell_group --patch_check_prereq --rolling
  895  2024-12-03.16:20:43 ./patchmgr --cells cell_group --patch_check_prereq --rolling
 1094  2024-12-05.17:24:01 history | grep cells
[root@hannvzdlrasvr01 patch_24.1.1.0.0.240605]# mv ../patch_24.1.6.0.0.241115/cell_group .
[root@hannvzdlrasvr01 patch_24.1.1.0.0.240605]# vi cell_group
[root@hannvzdlrasvr01 patch_24.1.1.0.0.240605]# mv ../patch_24.1.6.0.0.241115/cell_group .^C
[root@hannvzdlrasvr01 patch_24.1.1.0.0.240605]# ./patchmgr --cells cell_group --patch_check_prereq --rolling

2024-12-05 17:24:45 +0700        :Working: Check cells have ssh equivalence for root user. Up to 10 seconds per cell ...
2024-12-05 17:24:50 +0700        :SUCCESS: Check cells have ssh equivalence for root user.
2024-12-05 17:24:55 +0700        :Working: Prerequisite check started.
2024-12-05 17:24:55 +0700        :Working: Check if upgrade is supported.
2024-12-05 17:24:57 +0700        :SUCCESS: Check if upgrade is supported.
2024-12-05 17:24:59 +0700        :Working: Initialize files. Up to 1 minute ...
2024-12-05 17:25:01 +0700        :Working: Setup work directory
2024-12-05 17:25:18 +0700        :SUCCESS: Setup work directory
2024-12-05 17:25:20 +0700        :SUCCESS: Initialize files.
2024-12-05 17:25:20 +0700        :Working: Copy, extract prerequisite check archive to cells.
2024-12-05 17:25:22 +0700        :Working: Performing cell prechecks. Up to 20 minutes ...
2024-12-05 17:26:05 +0700        :SUCCESS: Performing cell prechecks.
2024-12-05 17:26:05 +0700        :Working: Execute plugin check for Patch Check Prereq ...
2024-12-05 17:26:05 +0700        :SUCCESS: Execute plugin check for Patch Check Prereq.
2024-12-05 17:25:09 +0700        :Working: Check ASM deactivation outcome. Up to 1 minute ...
2024-12-05 17:25:11 +0700        :INFO   : Check ASM deactivation outcome.
2024-12-05 17:24:59 +0700        :Working: Check ASM Disk Group Redundancy. Up to 1 minute ...
2024-12-05 17:25:00 +0700        :INFO   : Check ASM Disk Group Redundancy.
2024-12-05 17:24:59 +0700        :Working: Check if MS SOFTWAREUPDATE is scheduled. Up to 5 minutes...
2024-12-05 17:24:59 +0700        :NO ACTION NEEDED: No cells found with SOFTWAREUPDATE scheduled by MS
2024-12-05 17:24:59 +0700        :INFO   : check if MS SOFTWAREUPDATE is scheduled
2024-12-05 17:24:59 +0700        :Working: Check resilvering status of griddisks. Up to 1 minute ...
2024-12-05 17:25:00 +0700        :INFO   : Check resilvering status of griddisks.
2024-12-05 17:24:59 +0700        :Working: Check unsanctioned hidden parameter on the cell(s)
2024-12-05 17:25:18 +0700        :NO ACTION NEEDED: No unsanctioned hidden parameter found on the cell(s)
2024-12-05 17:25:18 +0700        :INFO   : Check unsanctioned hidden parameter on the cell(s)
2024-12-05 17:26:06 +0700        :SUCCESS: Prerequisite check complete.

2024-12-05 17:26:08 +0700        :SUCCESS: Completed run of command: ./patchmgr --cells cell_group --patch_check_prereq --rolling
2024-12-05 17:26:08 +0700        :INFO   : patch_prereq performed on cell(s) in file cell_group: [10.9.41.3 10.9.41.4 10.9.41.5 10.9.41.6 10.9.41.7 10.9.41.8 10.9.41.9 10.9.41.10 10.9.41.11 10.9.41.12 10.9.41.13]
2024-12-05 17:26:08 +0700        :INFO   : Current image version on cell(s) is:
2024-12-05 17:26:08 +0700        :INFO   : 10.9.41.3: 23.1.12.0.0.240322
2024-12-05 17:26:08 +0700        :INFO   : 10.9.41.4: 23.1.12.0.0.240322
2024-12-05 17:26:08 +0700        :INFO   : 10.9.41.5: 23.1.12.0.0.240322
2024-12-05 17:26:08 +0700        :INFO   : 10.9.41.6: 23.1.12.0.0.240322
2024-12-05 17:26:08 +0700        :INFO   : 10.9.41.7: 23.1.12.0.0.240322
2024-12-05 17:26:08 +0700        :INFO   : 10.9.41.8: 23.1.12.0.0.240322
2024-12-05 17:26:08 +0700        :INFO   : 10.9.41.9: 23.1.12.0.0.240322
2024-12-05 17:26:08 +0700        :INFO   : 10.9.41.10: 23.1.12.0.0.240322
2024-12-05 17:26:08 +0700        :INFO   : 10.9.41.11: 23.1.12.0.0.240322
2024-12-05 17:26:08 +0700        :INFO   : 10.9.41.12: 23.1.12.0.0.240322
2024-12-05 17:26:08 +0700        :INFO   : 10.9.41.13: 23.1.12.0.0.240322
2024-12-05 17:26:08 +0700        :INFO   : For details, check the following files in /u01/patch/patch_24.1.1.0.0.240605:
2024-12-05 17:26:08 +0700        :INFO   :  - <cell_name>.log
2024-12-05 17:26:08 +0700        :INFO   :  - patchmgr.stdout
2024-12-05 17:26:08 +0700        :INFO   :  - patchmgr.stderr
2024-12-05 17:26:08 +0700        :INFO   :  - patchmgr.log
2024-12-05 17:26:08 +0700        :INFO   :  - patchmgr.trc
2024-12-05 17:26:08 +0700        :INFO   : Exit status:0
2024-12-05 17:26:08 +0700        :INFO   : Exiting.
[root@hannvzdlrasvr01 patch_24.1.1.0.0.240605]#
